Component: ARM Compiler 5.06 update 6 (build 750) Tool: armlink [4d35ed]

==============================================================================

Section Cross References

    buttons.o(i.switchState) refers to stm32f10x_gpio.o(i.GPIO_ReadInputDataBit) for GPIO_ReadInputDataBit
    buttons.o(i.vTaskButton1) refers to tasks.o(i.vTaskDelay) for vTaskDelay
    buttons.o(i.vTaskButton1) refers to memseta.o(.text) for __aeabi_memclr4
    buttons.o(i.vTaskButton1) refers to buttons.o(i.switchState) for switchState
    buttons.o(i.vTaskButton1) refers to queue.o(i.xQueueGenericSend) for xQueueGenericSend
    buttons.o(i.vTaskButton1) refers to printf1.o(i.__0printf$1) for __2printf
    eeprom.o(i.EEPROM_Init) refers to stm32f10x_i2c.o(i.I2C_DeInit) for I2C_DeInit
    eeprom.o(i.EEPROM_Init) refers to stm32f10x_rcc.o(i.RCC_APB1PeriphClockCmd) for RCC_APB1PeriphClockCmd
    eeprom.o(i.EEPROM_Init) refers to stm32f10x_rcc.o(i.RCC_APB2PeriphClockCmd) for RCC_APB2PeriphClockCmd
    eeprom.o(i.EEPROM_Init) refers to stm32f10x_gpio.o(i.GPIO_Init) for GPIO_Init
    eeprom.o(i.EEPROM_Init) refers to stm32f10x_rcc.o(i.RCC_APB1PeriphResetCmd) for RCC_APB1PeriphResetCmd
    eeprom.o(i.EEPROM_Init) refers to stm32f10x_i2c.o(i.I2C_Init) for I2C_Init
    eeprom.o(i.EEPROM_Init) refers to stm32f10x_i2c.o(i.I2C_Cmd) for I2C_Cmd
    eeprom.o(i.EEPROM_Read) refers to stm32f10x_i2c.o(i.I2C_GetFlagStatus) for I2C_GetFlagStatus
    eeprom.o(i.EEPROM_Read) refers to stm32f10x_i2c.o(i.I2C_GenerateSTART) for I2C_GenerateSTART
    eeprom.o(i.EEPROM_Read) refers to stm32f10x_i2c.o(i.I2C_CheckEvent) for I2C_CheckEvent
    eeprom.o(i.EEPROM_Read) refers to stm32f10x_i2c.o(i.I2C_Send7bitAddress) for I2C_Send7bitAddress
    eeprom.o(i.EEPROM_Read) refers to stm32f10x_i2c.o(i.I2C_Cmd) for I2C_Cmd
    eeprom.o(i.EEPROM_Read) refers to stm32f10x_i2c.o(i.I2C_SendData) for I2C_SendData
    eeprom.o(i.EEPROM_Read) refers to stm32f10x_i2c.o(i.I2C_AcknowledgeConfig) for I2C_AcknowledgeConfig
    eeprom.o(i.EEPROM_Read) refers to stm32f10x_i2c.o(i.I2C_GenerateSTOP) for I2C_GenerateSTOP
    eeprom.o(i.EEPROM_Read) refers to stm32f10x_i2c.o(i.I2C_ReceiveData) for I2C_ReceiveData
    eeprom.o(i.EEPROM_Write) refers to stm32f10x_i2c.o(i.I2C_GetFlagStatus) for I2C_GetFlagStatus
    eeprom.o(i.EEPROM_Write) refers to stm32f10x_i2c.o(i.I2C_GenerateSTART) for I2C_GenerateSTART
    eeprom.o(i.EEPROM_Write) refers to stm32f10x_i2c.o(i.I2C_CheckEvent) for I2C_CheckEvent
    eeprom.o(i.EEPROM_Write) refers to stm32f10x_i2c.o(i.I2C_Send7bitAddress) for I2C_Send7bitAddress
    eeprom.o(i.EEPROM_Write) refers to stm32f10x_i2c.o(i.I2C_SendData) for I2C_SendData
    eeprom.o(i.EEPROM_Write) refers to stm32f10x_i2c.o(i.I2C_GenerateSTOP) for I2C_GenerateSTOP
    hw_config.o(i.BTNs_Init) refers to stm32f10x_rcc.o(i.RCC_APB2PeriphClockCmd) for RCC_APB2PeriphClockCmd
    hw_config.o(i.BTNs_Init) refers to stm32f10x_gpio.o(i.GPIO_Init) for GPIO_Init
    hw_config.o(i.BTNs_Init) refers to misc.o(i.NVIC_PriorityGroupConfig) for NVIC_PriorityGroupConfig
    hw_config.o(i.BTNs_Init) refers to misc.o(i.NVIC_Init) for NVIC_Init
    hw_config.o(i.LED_Control) refers to stm32f10x_gpio.o(i.GPIO_WriteBit) for GPIO_WriteBit
    hw_config.o(i.LED_Toggle) refers to stm32f10x_gpio.o(i.GPIO_ReadOutputDataBit) for GPIO_ReadOutputDataBit
    hw_config.o(i.LED_Toggle) refers to stm32f10x_gpio.o(i.GPIO_WriteBit) for GPIO_WriteBit
    hw_config.o(i.LEDs_Init) refers to stm32f10x_rcc.o(i.RCC_APB2PeriphClockCmd) for RCC_APB2PeriphClockCmd
    hw_config.o(i.LEDs_Init) refers to stm32f10x_gpio.o(i.GPIO_Init) for GPIO_Init
    hw_config.o(i.LEDs_Init) refers to stm32f10x_gpio.o(i.GPIO_SetBits) for GPIO_SetBits
    hw_config.o(i.RTC_Configuration) refers to stm32f10x_rcc.o(i.RCC_APB1PeriphClockCmd) for RCC_APB1PeriphClockCmd
    hw_config.o(i.RTC_Configuration) refers to stm32f10x_pwr.o(i.PWR_BackupAccessCmd) for PWR_BackupAccessCmd
    hw_config.o(i.RTC_Configuration) refers to stm32f10x_bkp.o(i.BKP_DeInit) for BKP_DeInit
    hw_config.o(i.RTC_Configuration) refers to stm32f10x_rcc.o(i.RCC_LSEConfig) for RCC_LSEConfig
    hw_config.o(i.RTC_Configuration) refers to stm32f10x_rcc.o(i.RCC_GetFlagStatus) for RCC_GetFlagStatus
    hw_config.o(i.RTC_Configuration) refers to stm32f10x_rcc.o(i.RCC_RTCCLKConfig) for RCC_RTCCLKConfig
    hw_config.o(i.RTC_Configuration) refers to stm32f10x_rcc.o(i.RCC_RTCCLKCmd) for RCC_RTCCLKCmd
    hw_config.o(i.RTC_Configuration) refers to stm32f10x_rtc.o(i.RTC_WaitForSynchro) for RTC_WaitForSynchro
    hw_config.o(i.RTC_Configuration) refers to stm32f10x_rtc.o(i.RTC_WaitForLastTask) for RTC_WaitForLastTask
    hw_config.o(i.RTC_Configuration) refers to stm32f10x_rtc.o(i.RTC_ITConfig) for RTC_ITConfig
    hw_config.o(i.RTC_Configuration) refers to stm32f10x_rtc.o(i.RTC_SetPrescaler) for RTC_SetPrescaler
    hw_config.o(i.RTC_Init) refers to stm32f10x_bkp.o(i.BKP_ReadBackupRegister) for BKP_ReadBackupRegister
[...]
    Removing stm32f10x_sdio.o(i.SDIO_ReadData), (12 bytes).
    Removing stm32f10x_sdio.o(i.SDIO_SendCEATACmd), (12 bytes).
    Removing stm32f10x_sdio.o(i.SDIO_SendCommand), (44 bytes).
    Removing stm32f10x_sdio.o(i.SDIO_SendSDIOSuspendCmd), (12 bytes).
    Removing stm32f10x_sdio.o(i.SDIO_SetPowerState), (28 bytes).
    Removing stm32f10x_sdio.o(i.SDIO_SetSDIOOperation), (12 bytes).
    Removing stm32f10x_sdio.o(i.SDIO_SetSDIOReadWaitMode), (12 bytes).
    Removing stm32f10x_sdio.o(i.SDIO_StartSDIOReadWait), (12 bytes).
    Removing stm32f10x_sdio.o(i.SDIO_StopSDIOReadWait), (12 bytes).
    Removing stm32f10x_sdio.o(i.SDIO_StructInit), (16 bytes).
    Removing stm32f10x_sdio.o(i.SDIO_WriteData), (12 bytes).
    Removing stm32f10x_spi.o(i.I2S_Cmd), (24 bytes).
    Removing stm32f10x_spi.o(i.I2S_Init), (232 bytes).
    Removing stm32f10x_spi.o(i.I2S_StructInit), (20 bytes).
    Removing stm32f10x_spi.o(i.SPI_BiDirectionalLineConfig), (28 bytes).
    Removing stm32f10x_spi.o(i.SPI_CalculateCRC), (24 bytes).
    Removing stm32f10x_spi.o(i.SPI_Cmd), (24 bytes).
    Removing stm32f10x_spi.o(i.SPI_DataSizeConfig), (18 bytes).
    Removing stm32f10x_spi.o(i.SPI_GetCRC), (16 bytes).
    Removing stm32f10x_spi.o(i.SPI_GetCRCPolynomial), (6 bytes).
    Removing stm32f10x_spi.o(i.SPI_I2S_ClearFlag), (6 bytes).
    Removing stm32f10x_spi.o(i.SPI_I2S_ClearITPendingBit), (20 bytes).
    Removing stm32f10x_spi.o(i.SPI_I2S_DMACmd), (18 bytes).
    Removing stm32f10x_spi.o(i.SPI_I2S_DeInit), (88 bytes).
    Removing stm32f10x_spi.o(i.SPI_I2S_GetFlagStatus), (18 bytes).
    Removing stm32f10x_spi.o(i.SPI_I2S_GetITStatus), (52 bytes).
    Removing stm32f10x_spi.o(i.SPI_I2S_ITConfig), (32 bytes).
    Removing stm32f10x_spi.o(i.SPI_I2S_ReceiveData), (6 bytes).
    Removing stm32f10x_spi.o(i.SPI_I2S_SendData), (4 bytes).
    Removing stm32f10x_spi.o(i.SPI_Init), (60 bytes).
    Removing stm32f10x_spi.o(i.SPI_NSSInternalSoftwareConfig), (30 bytes).
    Removing stm32f10x_spi.o(i.SPI_SSOutputCmd), (24 bytes).
    Removing stm32f10x_spi.o(i.SPI_StructInit), (24 bytes).
    Removing stm32f10x_spi.o(i.SPI_TransmitCRC), (10 bytes).
    Removing stm32f10x_tim.o(i.TI1_Config), (56 bytes).
    Removing stm32f10x_tim.o(i.TI2_Config), (80 bytes).
    Removing stm32f10x_tim.o(i.TI3_Config), (72 bytes).
    Removing stm32f10x_tim.o(i.TI4_Config), (80 bytes).
    Removing stm32f10x_tim.o(i.TIM_ARRPreloadConfig), (24 bytes).
    Removing stm32f10x_tim.o(i.TIM_BDTRConfig), (32 bytes).
    Removing stm32f10x_tim.o(i.TIM_BDTRStructInit), (18 bytes).
    Removing stm32f10x_tim.o(i.TIM_CCPreloadControl), (24 bytes).
    Removing stm32f10x_tim.o(i.TIM_CCxCmd), (30 bytes).
    Removing stm32f10x_tim.o(i.TIM_CCxNCmd), (30 bytes).
    Removing stm32f10x_tim.o(i.TIM_ClearFlag), (6 bytes).
    Removing stm32f10x_tim.o(i.TIM_ClearITPendingBit), (6 bytes).
    Removing stm32f10x_tim.o(i.TIM_ClearOC1Ref), (18 bytes).
    Removing stm32f10x_tim.o(i.TIM_ClearOC2Ref), (24 bytes).
    Removing stm32f10x_tim.o(i.TIM_ClearOC3Ref), (18 bytes).
    Removing stm32f10x_tim.o(i.TIM_ClearOC4Ref), (24 bytes).
    Removing stm32f10x_tim.o(i.TIM_Cmd), (24 bytes).
    Removing stm32f10x_tim.o(i.TIM_CounterModeConfig), (18 bytes).
    Removing stm32f10x_tim.o(i.TIM_CtrlPWMOutputs), (30 bytes).
    Removing stm32f10x_tim.o(i.TIM_DMACmd), (18 bytes).
    Removing stm32f10x_tim.o(i.TIM_DMAConfig), (10 bytes).
    Removing stm32f10x_tim.o(i.TIM_DeInit), (224 bytes).
    Removing stm32f10x_tim.o(i.TIM_ETRClockMode1Config), (54 bytes).
    Removing stm32f10x_tim.o(i.TIM_ETRClockMode2Config), (32 bytes).
    Removing stm32f10x_tim.o(i.TIM_ETRConfig), (28 bytes).
    Removing stm32f10x_tim.o(i.TIM_EncoderInterfaceConfig), (66 bytes).
    Removing stm32f10x_tim.o(i.TIM_ForcedOC1Config), (18 bytes).
    Removing stm32f10x_tim.o(i.TIM_ForcedOC2Config), (26 bytes).
    Removing stm32f10x_tim.o(i.TIM_ForcedOC3Config), (18 bytes).
    Removing stm32f10x_tim.o(i.TIM_ForcedOC4Config), (26 bytes).
    Removing stm32f10x_tim.o(i.TIM_GenerateEvent), (4 bytes).
    Removing stm32f10x_tim.o(i.TIM_GetCapture1), (6 bytes).
    Removing stm32f10x_tim.o(i.TIM_GetCapture2), (6 bytes).
    Removing stm32f10x_tim.o(i.TIM_GetCapture3), (6 bytes).
    Removing stm32f10x_tim.o(i.TIM_GetCapture4), (8 bytes).
    Removing stm32f10x_tim.o(i.TIM_GetCounter), (6 bytes).
    Removing stm32f10x_tim.o(i.TIM_GetFlagStatus), (18 bytes).
    Removing stm32f10x_tim.o(i.TIM_GetITStatus), (34 bytes).
    Removing stm32f10x_tim.o(i.TIM_GetPrescaler), (6 bytes).
    Removing stm32f10x_tim.o(i.TIM_ICInit), (110 bytes).
    Removing stm32f10x_tim.o(i.TIM_ICStructInit), (18 bytes).
    Removing stm32f10x_tim.o(i.TIM_ITConfig), (18 bytes).
    Removing stm32f10x_tim.o(i.TIM_ITRxExternalClockConfig), (24 bytes).
    Removing stm32f10x_tim.o(i.TIM_InternalClockConfig), (12 bytes).
    Removing stm32f10x_tim.o(i.TIM_OC1FastConfig), (18 bytes).
    Removing stm32f10x_tim.o(i.TIM_OC1Init), (120 bytes).
    Removing stm32f10x_tim.o(i.TIM_OC1NPolarityConfig), (18 bytes).
    Removing stm32f10x_tim.o(i.TIM_OC1PolarityConfig), (18 bytes).
    Removing stm32f10x_tim.o(i.TIM_OC1PreloadConfig), (18 bytes).
    Removing stm32f10x_tim.o(i.TIM_OC2FastConfig), (26 bytes).
    Removing stm32f10x_tim.o(i.TIM_OC2Init), (156 bytes).
    Removing stm32f10x_tim.o(i.TIM_OC2NPolarityConfig), (26 bytes).
    Removing stm32f10x_tim.o(i.TIM_OC2PolarityConfig), (26 bytes).
    Removing stm32f10x_tim.o(i.TIM_OC2PreloadConfig), (26 bytes).
    Removing stm32f10x_tim.o(i.TIM_OC3FastConfig), (18 bytes).
    Removing stm32f10x_tim.o(i.TIM_OC3Init), (152 bytes).
    Removing stm32f10x_tim.o(i.TIM_OC3NPolarityConfig), (26 bytes).
    Removing stm32f10x_tim.o(i.TIM_OC3PolarityConfig), (26 bytes).
    Removing stm32f10x_tim.o(i.TIM_OC3PreloadConfig), (18 bytes).
    Removing stm32f10x_tim.o(i.TIM_OC4FastConfig), (26 bytes).
    Removing stm32f10x_tim.o(i.TIM_OC4Init), (116 bytes).
    Removing stm32f10x_tim.o(i.TIM_OC4PolarityConfig), (26 bytes).
    Removing stm32f10x_tim.o(i.TIM_OC4PreloadConfig), (26 bytes).
    Removing stm32f10x_tim.o(i.TIM_OCStructInit), (20 bytes).
    Removing stm32f10x_tim.o(i.TIM_PWMIConfig), (124 bytes).
    Removing stm32f10x_tim.o(i.TIM_PrescalerConfig), (6 bytes).
    Removing stm32f10x_tim.o(i.TIM_SelectCCDMA), (24 bytes).
    Removing stm32f10x_tim.o(i.TIM_SelectCOM), (24 bytes).
    Removing stm32f10x_tim.o(i.TIM_SelectHallSensor), (24 bytes).
    Removing stm32f10x_tim.o(i.TIM_SelectInputTrigger), (18 bytes).
    Removing stm32f10x_tim.o(i.TIM_SelectMasterSlaveMode), (18 bytes).
    Removing stm32f10x_tim.o(i.TIM_SelectOCxM), (86 bytes).
    Removing stm32f10x_tim.o(i.TIM_SelectOnePulseMode), (18 bytes).
    Removing stm32f10x_tim.o(i.TIM_SelectOutputTrigger), (18 bytes).
    Removing stm32f10x_tim.o(i.TIM_SelectSlaveMode), (18 bytes).
    Removing stm32f10x_tim.o(i.TIM_SetAutoreload), (4 bytes).
    Removing stm32f10x_tim.o(i.TIM_SetClockDivision), (14 bytes).
    Removing stm32f10x_tim.o(i.TIM_SetCompare1), (4 bytes).
    Removing stm32f10x_tim.o(i.TIM_SetCompare2), (4 bytes).
    Removing stm32f10x_tim.o(i.TIM_SetCompare3), (4 bytes).
    Removing stm32f10x_tim.o(i.TIM_SetCompare4), (6 bytes).
    Removing stm32f10x_tim.o(i.TIM_SetCounter), (4 bytes).
    Removing stm32f10x_tim.o(i.TIM_SetIC1Prescaler), (18 bytes).
    Removing stm32f10x_tim.o(i.TIM_SetIC2Prescaler), (26 bytes).
    Removing stm32f10x_tim.o(i.TIM_SetIC3Prescaler), (18 bytes).
    Removing stm32f10x_tim.o(i.TIM_SetIC4Prescaler), (26 bytes).
    Removing stm32f10x_tim.o(i.TIM_TIxExternalClockConfig), (62 bytes).
    Removing stm32f10x_tim.o(i.TIM_TimeBaseInit), (60 bytes).
    Removing stm32f10x_tim.o(i.TIM_TimeBaseStructInit), (18 bytes).
    Removing stm32f10x_tim.o(i.TIM_UpdateDisableConfig), (24 bytes).
    Removing stm32f10x_tim.o(i.TIM_UpdateRequestConfig), (24 bytes).
    Removing stm32f10x_usart.o(i.USART_ClockInit), (34 bytes).
    Removing stm32f10x_usart.o(i.USART_ClockStructInit), (12 bytes).
    Removing stm32f10x_usart.o(i.USART_DMACmd), (18 bytes).
    Removing stm32f10x_usart.o(i.USART_DeInit), (156 bytes).
    Removing stm32f10x_usart.o(i.USART_HalfDuplexCmd), (24 bytes).
    Removing stm32f10x_usart.o(i.USART_IrDACmd), (24 bytes).
    Removing stm32f10x_usart.o(i.USART_IrDAConfig), (18 bytes).
    Removing stm32f10x_usart.o(i.USART_LINBreakDetectLengthConfig), (18 bytes).
    Removing stm32f10x_usart.o(i.USART_LINCmd), (24 bytes).
    Removing stm32f10x_usart.o(i.USART_ReceiverWakeUpCmd), (24 bytes).
    Removing stm32f10x_usart.o(i.USART_SendBreak), (10 bytes).
    Removing stm32f10x_usart.o(i.USART_SetAddress), (18 bytes).
    Removing stm32f10x_usart.o(i.USART_SetGuardTime), (16 bytes).
    Removing stm32f10x_usart.o(i.USART_SetPrescaler), (16 bytes).
    Removing stm32f10x_usart.o(i.USART_SmartCardCmd), (24 bytes).
    Removing stm32f10x_usart.o(i.USART_SmartCardNACKCmd), (24 bytes).
    Removing stm32f10x_usart.o(i.USART_StructInit), (24 bytes).
    Removing stm32f10x_usart.o(i.USART_WakeUpConfig), (18 bytes).
    Removing stm32f10x_wwdg.o(i.WWDG_ClearFlag), (12 bytes).
    Removing stm32f10x_wwdg.o(i.WWDG_DeInit), (22 bytes).
    Removing stm32f10x_wwdg.o(i.WWDG_Enable), (16 bytes).
    Removing stm32f10x_wwdg.o(i.WWDG_EnableIT), (12 bytes).
    Removing stm32f10x_wwdg.o(i.WWDG_GetFlagStatus), (12 bytes).
    Removing stm32f10x_wwdg.o(i.WWDG_SetCounter), (16 bytes).
    Removing stm32f10x_wwdg.o(i.WWDG_SetPrescaler), (24 bytes).
    Removing stm32f10x_wwdg.o(i.WWDG_SetWindowValue), (40 bytes).
    Removing queue.o(i.pcQueueGetName), (44 bytes).
    Removing queue.o(i.prvGetDisinheritPriorityAfterTimeout), (20 bytes).
    Removing queue.o(i.prvInitialiseMutex), (30 bytes).
    Removing queue.o(i.uxQueueMessagesWaiting), (18 bytes).
    Removing queue.o(i.uxQueueMessagesWaitingFromISR), (8 bytes).
    Removing queue.o(i.uxQueueSpacesAvailable), (24 bytes).
    Removing queue.o(i.vQueueAddToRegistry), (44 bytes).
    Removing queue.o(i.vQueueDelete), (20 bytes).
    Removing queue.o(i.vQueueUnregisterQueue), (48 bytes).
    Removing queue.o(i.xQueueCreateMutex), (34 bytes).
    Removing queue.o(i.xQueueGiveFromISR), (120 bytes).
    Removing queue.o(i.xQueueGiveMutexRecursive), (48 bytes).
    Removing queue.o(i.xQueueIsQueueEmptyFromISR), (16 bytes).
    Removing queue.o(i.xQueueIsQueueFullFromISR), (22 bytes).
    Removing queue.o(i.xQueuePeek), (268 bytes).
    Removing queue.o(i.xQueuePeekFromISR), (74 bytes).
    Removing queue.o(i.xQueueReceiveFromISR), (130 bytes).
    Removing queue.o(i.xQueueSemaphoreTake), (304 bytes).
    Removing queue.o(i.xQueueTakeMutexRecursive), (54 bytes).
    Removing queue.o(.bss), (64 bytes).
    Removing tasks.o(i.pcTaskGetName), (24 bytes).
    Removing tasks.o(i.prvTaskIsTaskSuspended), (64 bytes).
    Removing tasks.o(i.pvTaskIncrementMutexHeldCount), (32 bytes).
    Removing tasks.o(i.ulTaskNotifyTake), (116 bytes).
    Removing tasks.o(i.uxTaskGetNumberOfTasks), (12 bytes).
    Removing tasks.o(i.uxTaskPriorityGet), (36 bytes).
    Removing tasks.o(i.uxTaskPriorityGetFromISR), (56 bytes).
    Removing tasks.o(i.uxTaskResetEventItemValue), (28 bytes).
    Removing tasks.o(i.vTaskDelayUntil), (116 bytes).
    Removing tasks.o(i.vTaskDelete), (204 bytes).
    Removing tasks.o(i.vTaskEndScheduler), (36 bytes).
    Removing tasks.o(i.vTaskNotifyGiveFromISR), (176 bytes).
    Removing tasks.o(i.vTaskPlaceOnUnorderedEventList), (44 bytes).
    Removing tasks.o(i.vTaskPriorityDisinheritAfterTimeout), (176 bytes).
    Removing tasks.o(i.vTaskPrioritySet), (244 bytes).
    Removing tasks.o(i.vTaskRemoveFromUnorderedEventList), (100 bytes).
    Removing tasks.o(i.vTaskResume), (120 bytes).
    Removing tasks.o(i.vTaskSetTimeOutState), (36 bytes).
    Removing tasks.o(i.vTaskSuspend), (204 bytes).
    Removing tasks.o(i.xTaskGenericNotify), (196 bytes).
    Removing tasks.o(i.xTaskGenericNotifyFromISR), (252 bytes).
    Removing tasks.o(i.xTaskGetCurrentTaskHandle), (12 bytes).
    Removing tasks.o(i.xTaskGetTickCount), (12 bytes).
    Removing tasks.o(i.xTaskGetTickCountFromISR), (12 bytes).
    Removing tasks.o(i.xTaskNotifyStateClear), (52 bytes).
    Removing tasks.o(i.xTaskNotifyWait), (160 bytes).
    Removing tasks.o(i.xTaskPriorityInherit), (200 bytes).
    Removing tasks.o(i.xTaskResumeFromISR), (152 bytes).
    Removing port.o(i.vPortEndScheduler), (2 bytes).
    Removing event_groups.o(i.prvTestWaitCondition), (30 bytes).
    Removing event_groups.o(i.vEventGroupClearBitsCallback), (16 bytes).
    Removing event_groups.o(i.vEventGroupDelete), (42 bytes).
    Removing event_groups.o(i.vEventGroupSetBitsCallback), (16 bytes).
    Removing event_groups.o(i.xEventGroupClearBits), (32 bytes).
    Removing event_groups.o(i.xEventGroupCreate), (26 bytes).
    Removing event_groups.o(i.xEventGroupGetBitsFromISR), (44 bytes).
    Removing event_groups.o(i.xEventGroupSetBits), (146 bytes).
    Removing event_groups.o(i.xEventGroupSync), (168 bytes).
    Removing event_groups.o(i.xEventGroupWaitBits), (204 bytes).
    Removing stream_buffer.o(i.prvBytesInBuffer), (24 bytes).
    Removing stream_buffer.o(i.prvInitialiseNewStreamBuffer), (38 bytes).
    Removing stream_buffer.o(i.prvReadBytesFromBuffer), (94 bytes).
    Removing stream_buffer.o(i.prvReadMessageFromBuffer), (72 bytes).
    Removing stream_buffer.o(i.prvWriteBytesToBuffer), (78 bytes).
    Removing stream_buffer.o(i.prvWriteMessageToBuffer), (92 bytes).
    Removing stream_buffer.o(i.vStreamBufferDelete), (32 bytes).
    Removing stream_buffer.o(i.xStreamBufferBytesAvailable), (18 bytes).
    Removing stream_buffer.o(i.xStreamBufferGenericCreate), (62 bytes).
    Removing stream_buffer.o(i.xStreamBufferIsEmpty), (22 bytes).
    Removing stream_buffer.o(i.xStreamBufferIsFull), (40 bytes).
    Removing stream_buffer.o(i.xStreamBufferNextMessageLengthBytes), (64 bytes).
    Removing stream_buffer.o(i.xStreamBufferReceive), (168 bytes).
    Removing stream_buffer.o(i.xStreamBufferReceiveCompletedFromISR), (78 bytes).
    Removing stream_buffer.o(i.xStreamBufferReceiveFromISR), (132 bytes).
    Removing stream_buffer.o(i.xStreamBufferReset), (46 bytes).
    Removing stream_buffer.o(i.xStreamBufferSend), (190 bytes).
    Removing stream_buffer.o(i.xStreamBufferSendCompletedFromISR), (78 bytes).
    Removing stream_buffer.o(i.xStreamBufferSendFromISR), (132 bytes).
    Removing stream_buffer.o(i.xStreamBufferSetTriggerLevel), (26 bytes).
    Removing stream_buffer.o(i.xStreamBufferSpacesAvailable), (30 bytes).
    Removing heap_1.o(i.vPortInitialiseBlocks), (12 bytes).
    Removing startup_stm32f10x_hd.o(HEAP), (512 bytes).
    Removing system_stm32f10x.o(.constdata), (20 bytes).
    Removing core_cm3.o(.emb_text), (32 bytes).
    Removing fdiv.o(.text), (124 bytes).
    Removing ffltui.o(.text), (10 bytes).
    Removing fepilogue.o(.text), (110 bytes).
    Removing dadd.o(.text), (334 bytes).
    Removing dmul.o(.text), (228 bytes).
    Removing ddiv.o(.text), (222 bytes).
    Removing dfixul.o(.text), (48 bytes).
    Removing cdrcmple.o(.text), (48 bytes).
    Removing depilogue.o(.text), (186 bytes).

529 unused section(s) (total 25448 bytes) removed from the image.

==============================================================================

Image Symbol Table

    Local Symbols

    Symbol Name                              Value     Ov Type        Size  Object(Section)

    ../clib/microlib/division.c              0x00000000   Number         0  uldiv.o ABSOLUTE
    ../clib/microlib/division.c              0x00000000   Number         0  uidiv.o ABSOLUTE
    ../clib/microlib/init/entry.s            0x00000000   Number         0  entry9a.o ABSOLUTE
    ../clib/microlib/init/entry.s            0x00000000   Number         0  entry2.o ABSOLUTE
    ../clib/microlib/init/entry.s            0x00000000   Number         0  entry9b.o ABSOLUTE
    ../clib/microlib/init/entry.s            0x00000000   Number         0  entry7a.o ABSOLUTE
    ../clib/microlib/init/entry.s            0x00000000   Number         0  entry.o ABSOLUTE
    ../clib/microlib/init/entry.s            0x00000000   Number         0  entry11b.o ABSOLUTE
    ../clib/microlib/init/entry.s            0x00000000   Number         0  entry8b.o ABSOLUTE
    ../clib/microlib/init/entry.s            0x00000000   Number         0  entry11a.o ABSOLUTE
    ../clib/microlib/init/entry.s            0x00000000   Number         0  entry10b.o ABSOLUTE
    ../clib/microlib/init/entry.s            0x00000000   Number         0  entry10a.o ABSOLUTE
    ../clib/microlib/init/entry.s            0x00000000   Number         0  entry5.o ABSOLUTE
    ../clib/microlib/init/entry.s            0x00000000   Number         0  entry7b.o ABSOLUTE
    ../clib/microlib/init/entry.s            0x00000000   Number         0  entry8a.o ABSOLUTE
    ../clib/microlib/longlong.c              0x00000000   Number         0  llsshr.o ABSOLUTE
    ../clib/microlib/longlong.c              0x00000000   Number         0  llushr.o ABSOLUTE
    ../clib/microlib/longlong.c              0x00000000   Number         0  llshl.o ABSOLUTE
    ../clib/microlib/printf/printf.c         0x00000000   Number         0  printf4.o ABSOLUTE
    ../clib/microlib/printf/printf.c         0x00000000   Number         0  printf5.o ABSOLUTE
    ../clib/microlib/printf/printf.c         0x00000000   Number         0  printf6.o ABSOLUTE
    ../clib/microlib/printf/printf.c         0x00000000   Number         0  printf7.o ABSOLUTE
    ../clib/microlib/printf/printf.c         0x00000000   Number         0  printf8.o ABSOLUTE
    ../clib/microlib/printf/printf.c         0x00000000   Number         0  printfa.o ABSOLUTE
    ../clib/microlib/printf/printf.c         0x00000000   Number         0  printfb.o ABSOLUTE
    ../clib/microlib/printf/printf.c         0x00000000   Number         0  printf0.o ABSOLUTE
    ../clib/microlib/printf/printf.c         0x00000000   Number         0  printf1.o ABSOLUTE
    ../clib/microlib/printf/printf.c         0x00000000   Number         0  printf2.o ABSOLUTE
    ../clib/microlib/printf/printf.c         0x00000000   Number         0  printf3.o ABSOLUTE
    ../clib/microlib/printf/stubs.s          0x00000000   Number         0  stubs.o ABSOLUTE
    ../clib/microlib/stdio/streams.c         0x00000000   Number         0  stdout.o ABSOLUTE
    ../clib/microlib/string/memcpy.c         0x00000000   Number         0  memcpya.o ABSOLUTE
    ../clib/microlib/string/memcpy.c         0x00000000   Number         0  memcpyb.o ABSOLUTE
    ../clib/microlib/string/memset.c         0x00000000   Number         0  memseta.o ABSOLUTE
    ../clib/microlib/stubs.s                 0x00000000   Number         0  iusefp.o ABSOLUTE
    ../fplib/microlib/fpadd.c                0x00000000   Number         0  dadd.o ABSOLUTE
    ../fplib/microlib/fpdiv.c                0x00000000   Number         0  fdiv.o ABSOLUTE
    ../fplib/microlib/fpdiv.c                0x00000000   Number         0  ddiv.o ABSOLUTE
    ../fplib/microlib/fpepilogue.c           0x00000000   Number         0  depilogue.o ABSOLUTE
    ../fplib/microlib/fpepilogue.c           0x00000000   Number         0  fepilogue.o ABSOLUTE
    ../fplib/microlib/fpfix.c                0x00000000   Number         0  dfixul.o ABSOLUTE
    ../fplib/microlib/fpflt.c                0x00000000   Number         0  ffltui.o ABSOLUTE
    ../fplib/microlib/fpmul.c                0x00000000   Number         0  dmul.o ABSOLUTE
    ..\..\Libraries\CMSIS\Core\CM3\core_cm3.c 0x00000000   Number         0  core_cm3.o ABSOLUTE
    ..\..\Libraries\CMSIS\Core\CM3\startup\arm\startup_stm32f10x_hd.s 0x00000000   Number         0  startup_stm32f10x_hd.o ABSOLUTE
    ..\..\Libraries\CMSIS\Core\CM3\system_stm32f10x.c 0x00000000   Number         0  system_stm32f10x.o ABSOLUTE
    ..\..\Libraries\STM32F10x_StdPeriph_Driver\src\misc.c 0x00000000   Number         0  misc.o ABSOLUTE
    ..\..\Libraries\STM32F10x_StdPeriph_Driver\src\stm32f10x_adc.c 0x00000000   Number         0  stm32f10x_adc.o ABSOLUTE
    ..\..\Libraries\STM32F10x_StdPeriph_Driver\src\stm32f10x_bkp.c 0x00000000   Number         0  stm32f10x_bkp.o ABSOLUTE
    ..\..\Libraries\STM32F10x_StdPeriph_Driver\src\stm32f10x_can.c 0x00000000   Number         0  stm32f10x_can.o ABSOLUTE
    ..\..\Libraries\STM32F10x_StdPeriph_Driver\src\stm32f10x_crc.c 0x00000000   Number         0  stm32f10x_crc.o ABSOLUTE
    ..\..\Libraries\STM32F10x_StdPeriph_Driver\src\stm32f10x_dac.c 0x00000000   Number         0  stm32f10x_dac.o ABSOLUTE
    ..\..\Libraries\STM32F10x_StdPeriph_Driver\src\stm32f10x_dbgmcu.c 0x00000000   Number         0  stm32f10x_dbgmcu.o ABSOLUTE
    ..\..\Libraries\STM32F10x_StdPeriph_Driver\src\stm32f10x_dma.c 0x00000000   Number         0  stm32f10x_dma.o ABSOLUTE
    ..\..\Libraries\STM32F10x_StdPeriph_Driver\src\stm32f10x_exti.c 0x00000000   Number         0  stm32f10x_exti.o ABSOLUTE
    ..\..\Libraries\STM32F10x_StdPeriph_Driver\src\stm32f10x_flash.c 0x00000000   Number         0  stm32f10x_flash.o ABSOLUTE
    ..\..\Libraries\STM32F10x_StdPeriph_Driver\src\stm32f10x_fsmc.c 0x00000000   Number         0  stm32f10x_fsmc.o ABSOLUTE
    ..\..\Libraries\STM32F10x_StdPeriph_Driver\src\stm32f10x_gpio.c 0x00000000   Number         0  stm32f10x_gpio.o ABSOLUTE
    ..\..\Libraries\STM32F10x_StdPeriph_Driver\src\stm32f10x_i2c.c 0x00000000   Number         0  stm32f10x_i2c.o ABSOLUTE
    ..\..\Libraries\STM32F10x_StdPeriph_Driver\src\stm32f10x_iwdg.c 0x00000000   Number         0  stm32f10x_iwdg.o ABSOLUTE
    ..\..\Libraries\STM32F10x_StdPeriph_Driver\src\stm32f10x_pwr.c 0x00000000   Number         0  stm32f10x_pwr.o ABSOLUTE
    ..\..\Libraries\STM32F10x_StdPeriph_Driver\src\stm32f10x_rcc.c 0x00000000   Number         0  stm32f10x_rcc.o ABSOLUTE
    ..\..\Libraries\STM32F10x_StdPeriph_Driver\src\stm32f10x_rtc.c 0x00000000   Number         0  stm32f10x_rtc.o ABSOLUTE
    ..\..\Libraries\STM32F10x_StdPeriph_Driver\src\stm32f10x_sdio.c 0x00000000   Number         0  stm32f10x_sdio.o ABSOLUTE
    ..\..\Libraries\STM32F10x_StdPeriph_Driver\src\stm32f10x_spi.c 0x00000000   Number         0  stm32f10x_spi.o ABSOLUTE
    ..\..\Libraries\STM32F10x_StdPeriph_Driver\src\stm32f10x_tim.c 0x00000000   Number         0  stm32f10x_tim.o ABSOLUTE
    ..\..\Libraries\STM32F10x_StdPeriph_Driver\src\stm32f10x_usart.c 0x00000000   Number         0  stm32f10x_usart.o ABSOLUTE
    ..\..\Libraries\STM32F10x_StdPeriph_Driver\src\stm32f10x_wwdg.c 0x00000000   Number         0  stm32f10x_wwdg.o ABSOLUTE
    ..\..\Utilities\FreeRTOSv10.0.1\croutine.c 0x00000000   Number         0  croutine.o ABSOLUTE
    ..\..\Utilities\FreeRTOSv10.0.1\event_groups.c 0x00000000   Number         0  event_groups.o ABSOLUTE
    ..\..\Utilities\FreeRTOSv10.0.1\list.c   0x00000000   Number         0  list.o ABSOLUTE
    ..\..\Utilities\FreeRTOSv10.0.1\portable\MemMang\heap_1.c 0x00000000   Number         0  heap_1.o ABSOLUTE
    ..\..\Utilities\FreeRTOSv10.0.1\portable\RVDS\ARM_CM3\port.c 0x00000000   Number         0  port.o ABSOLUTE
    ..\..\Utilities\FreeRTOSv10.0.1\queue.c  0x00000000   Number         0  queue.o ABSOLUTE
    ..\..\Utilities\FreeRTOSv10.0.1\stream_buffer.c 0x00000000   Number         0  stream_buffer.o ABSOLUTE
    ..\..\Utilities\FreeRTOSv10.0.1\tasks.c  0x00000000   Number         0  tasks.o ABSOLUTE
    ..\..\Utilities\FreeRTOSv10.0.1\timers.c 0x00000000   Number         0  timers.o ABSOLUTE
    ..\\..\\Libraries\\CMSIS\\Core\\CM3\\core_cm3.c 0x00000000   Number         0  core_cm3.o ABSOLUTE
    ..\\..\\Utilities\\FreeRTOSv10.0.1\\portable\\RVDS\\ARM_CM3\\port.c 0x00000000   Number         0  port.o ABSOLUTE
    ..\src\Valve.c                           0x00000000   Number         0  valve.o ABSOLUTE
    ..\src\buttons.c                         0x00000000   Number         0  buttons.o ABSOLUTE
    ..\src\eeprom.c                          0x00000000   Number         0  eeprom.o ABSOLUTE
    ..\src\hw_config.c                       0x00000000   Number         0  hw_config.o ABSOLUTE
    ..\src\main.c                            0x00000000   Number         0  main.o ABSOLUTE
    ..\src\stm32f10x_it.c                    0x00000000   Number         0  stm32f10x_it.o ABSOLUTE
    ..\src\uart_command.c                    0x00000000   Number         0  uart_command.o ABSOLUTE
    ..\src\zwave.c                           0x00000000   Number         0  zwave.o ABSOLUTE
    cdrcmple.s                               0x00000000   Number         0  cdrcmple.o ABSOLUTE
    dc.s                                     0x00000000   Number         0  dc.o ABSOLUTE
    handlers.s                               0x00000000   Number         0  handlers.o ABSOLUTE
    init.s                                   0x00000000   Number         0  init.o ABSOLUTE
    RESET                                    0x08000000   Section      304  startup_stm32f10x_hd.o(RESET)
    .ARM.Collect$$$$00000000                 0x08000130   Section        0  entry.o(.ARM.Collect$$$$00000000)
    .ARM.Collect$$$$00000001                 0x08000130   Section        4  entry2.o(.ARM.Collect$$$$00000001)
    .ARM.Collect$$$$00000004                 0x08000134   Section        4  entry5.o(.ARM.Collect$$$$00000004)
    .ARM.Collect$$$$00000008                 0x08000138   Section        0  entry7b.o(.ARM.Collect$$$$00000008)
    .ARM.Collect$$$$0000000A                 0x08000138   Section        0  entry8b.o(.ARM.Collect$$$$0000000A)
    .ARM.Collect$$$$0000000B                 0x08000138   Section        8  entry9a.o(.ARM.Collect$$$$0000000B)
    .ARM.Collect$$$$0000000D                 0x08000140   Section        0  entry10a.o(.ARM.Collect$$$$0000000D)
    .ARM.Collect$$$$0000000F                 0x08000140   Section        0  entry11a.o(.ARM.Collect$$$$0000000F)
    .ARM.Collect$$$$00002712                 0x08000140   Section        4  entry2.o(.ARM.Collect$$$$00002712)
    __lit__00000000                          0x08000140   Data           4  entry2.o(.ARM.Collect$$$$00002712)
    .emb_text                                0x08000144   Section      150  port.o(.emb_text)
    .text                                    0x080001dc   Section       48  startup_stm32f10x_hd.o(.text)
    .text                                    0x0800020c   Section        0  memcpya.o(.text)
    .text                                    0x08000230   Section        0  memseta.o(.text)
    .text                                    0x08000254   Section        0  uidiv.o(.text)
    .text                                    0x08000280   Section       36  init.o(.text)
    i.BTNs_Init                              0x080002a4   Section        0  hw_config.o(i.BTNs_Init)
    BTNs_Init                                0x080002a5   Thumb Code   116  hw_config.o(i.BTNs_Init)
    i.BusFault_Handler                       0x0800031c   Section        0  stm32f10x_it.o(i.BusFault_Handler)
    i.DebugMon_Handler                       0x08000320   Section        0  stm32f10x_it.o(i.DebugMon_Handler)
    i.EEPROM_Init                            0x08000324   Section        0  eeprom.o(i.EEPROM_Init)
    i.EXTI0_IRQHandler                       0x080003bc   Section        0  stm32f10x_it.o(i.EXTI0_IRQHandler)
    i.EXTI15_10_IRQHandler                   0x08000400   Section        0  stm32f10x_it.o(i.EXTI15_10_IRQHandler)
    i.EXTI1_IRQHandler                       0x08000478   Section        0  stm32f10x_it.o(i.EXTI1_IRQHandler)
    i.EXTI2_IRQHandler                       0x080004bc   Section        0  stm32f10x_it.o(i.EXTI2_IRQHandler)
    i.EXTI3_IRQHandler                       0x08000500   Section        0  stm32f10x_it.o(i.EXTI3_IRQHandler)
    i.EXTI4_IRQHandler                       0x08000544   Section        0  stm32f10x_it.o(i.EXTI4_IRQHandler)
    i.EXTI9_5_IRQHandler                     0x0800057c   Section        0  stm32f10x_it.o(i.EXTI9_5_IRQHandler)
    i.EXTI_ClearFlag                         0x080005b0   Section        0  stm32f10x_exti.o(i.EXTI_ClearFlag)
    i.EXTI_GetITStatus                       0x080005bc   Section        0  stm32f10x_exti.o(i.EXTI_GetITStatus)
    i.GPIO_EXTILineConfig                    0x080005e4   Section        0  stm32f10x_gpio.o(i.GPIO_EXTILineConfig)
    i.GPIO_Init                              0x08000624   Section        0  stm32f10x_gpio.o(i.GPIO_Init)
    i.GPIO_ReadInputDataBit                  0x0800073a   Section        0  stm32f10x_gpio.o(i.GPIO_ReadInputDataBit)
    i.GPIO_ReadOutputDataBit                 0x0800074c   Section        0  stm32f10x_gpio.o(i.GPIO_ReadOutputDataBit)
    i.GPIO_ResetBits                         0x0800075e   Section        0  stm32f10x_gpio.o(i.GPIO_ResetBits)
    i.GPIO_SetBits                           0x08000762   Section        0  stm32f10x_gpio.o(i.GPIO_SetBits)
    i.GPIO_WriteBit                          0x08000766   Section        0  stm32f10x_gpio.o(i.GPIO_WriteBit)
    i.HardFault_Handler                      0x08000770   Section        0  stm32f10x_it.o(i.HardFault_Handler)
    i.I2C_Cmd                                0x08000774   Section        0  stm32f10x_i2c.o(i.I2C_Cmd)
    i.I2C_DeInit                             0x0800078c   Section        0  stm32f10x_i2c.o(i.I2C_DeInit)
    i.I2C_Init                               0x080007c4   Section        0  stm32f10x_i2c.o(i.I2C_Init)
    i.LED_Control                            0x080008b0   Section        0  hw_config.o(i.LED_Control)
    i.LED_Toggle                             0x080008e0   Section        0  hw_config.o(i.LED_Toggle)
    i.LEDs_Init                              0x0800092c   Section        0  hw_config.o(i.LEDs_Init)
    LEDs_Init                                0x0800092d   Thumb Code    50  hw_config.o(i.LEDs_Init)
    i.MemManage_Handler                      0x08000964   Section        0  stm32f10x_it.o(i.MemManage_Handler)
    i.Motor_Init                             0x08000968   Section        0  valve.o(i.Motor_Init)
    i.Motor_Run_Left                         0x08000af0   Section        0  valve.o(i.Motor_Run_Left)
    Motor_Run_Left                           0x08000af1   Thumb Code    64  valve.o(i.Motor_Run_Left)
    i.Motor_Run_Right                        0x08000b44   Section        0  valve.o(i.Motor_Run_Right)
    Motor_Run_Right                          0x08000b45   Thumb Code    64  valve.o(i.Motor_Run_Right)
    i.Motor_Stop                             0x08000b98   Section        0  valve.o(i.Motor_Stop)
    i.NMI_Handler                            0x08000bcc   Section        0  stm32f10x_it.o(i.NMI_Handler)
    i.NVIC_Init                              0x08000bd0   Section        0  misc.o(i.NVIC_Init)
    i.NVIC_PriorityGroupConfig               0x08000c40   Section        0  misc.o(i.NVIC_PriorityGroupConfig)
    i.RCC_APB1PeriphClockCmd                 0x08000c54   Section        0  stm32f10x_rcc.o(i.RCC_APB1PeriphClockCmd)
    i.RCC_APB1PeriphResetCmd                 0x08000c74   Section        0  stm32f10x_rcc.o(i.RCC_APB1PeriphResetCmd)
    i.RCC_APB2PeriphClockCmd                 0x08000c94   Section        0  stm32f10x_rcc.o(i.RCC_APB2PeriphClockCmd)
    i.RCC_GetClocksFreq                      0x08000cb4   Section        0  stm32f10x_rcc.o(i.RCC_GetClocksFreq)
    i.STM32F1_HW_Init                        0x08000d90   Section        0  hw_config.o(i.STM32F1_HW_Init)
    i.SetSysClock                            0x08000da8   Section        0  system_stm32f10x.o(i.SetSysClock)
    SetSysClock                              0x08000da9   Thumb Code     8  system_stm32f10x.o(i.SetSysClock)
    i.SetSysClockTo72                        0x08000db0   Section        0  system_stm32f10x.o(i.SetSysClockTo72)
    SetSysClockTo72                          0x08000db1   Thumb Code   220  system_stm32f10x.o(i.SetSysClockTo72)
    i.SysTick_Handler                        0x08000e94   Section        0  stm32f10x_it.o(i.SysTick_Handler)
    i.SystemInit                             0x08000e9c   Section        0  system_stm32f10x.o(i.SystemInit)
    i.UART5_IRQHandler                       0x08000ef0   Section        0  stm32f10x_it.o(i.UART5_IRQHandler)
    i.UARTs_Init                             0x08000f1c   Section        0  hw_config.o(i.UARTs_Init)
    UARTs_Init                               0x08000f1d   Thumb Code   318  hw_config.o(i.UARTs_Init)
    i.USART_ClearFlag                        0x08001070   Section        0  stm32f10x_usart.o(i.USART_ClearFlag)
    i.USART_ClearITPendingBit                0x08001082   Section        0  stm32f10x_usart.o(i.USART_ClearITPendingBit)
    i.USART_Cmd                              0x080010a0   Section        0  stm32f10x_usart.o(i.USART_Cmd)
    i.USART_GetFlagStatus                    0x080010b8   Section        0  stm32f10x_usart.o(i.USART_GetFlagStatus)
    i.USART_GetITStatus                      0x080010d2   Section        0  stm32f10x_usart.o(i.USART_GetITStatus)
    i.USART_ITConfig                         0x08001126   Section        0  stm32f10x_usart.o(i.USART_ITConfig)
    i.USART_Init                             0x08001170   Section        0  stm32f10x_usart.o(i.USART_Init)
    i.USART_ReceiveData                      0x08001210   Section        0  stm32f10x_usart.o(i.USART_ReceiveData)
    i.USART_SendData                         0x0800121a   Section        0  stm32f10x_usart.o(i.USART_SendData)
    i.Uart_send_command                      0x08001224   Section        0  uart_command.o(i.Uart_send_command)
    i.Uart_update                            0x080012d0   Section        0  uart_command.o(i.Uart_update)
    i.UsageFault_Handler                     0x08001458   Section        0  stm32f10x_it.o(i.UsageFault_Handler)
    i.__0printf$1                            0x0800145c   Section        0  printf1.o(i.__0printf$1)
    i.__scatterload_copy                     0x0800147c   Section       14  handlers.o(i.__scatterload_copy)
    i.__scatterload_null                     0x0800148a   Section        2  handlers.o(i.__scatterload_null)
    i.__scatterload_zeroinit                 0x0800148c   Section       14  handlers.o(i.__scatterload_zeroinit)
    i._printf_core                           0x0800149c   Section        0  printf1.o(i._printf_core)
    _printf_core                             0x0800149d   Thumb Code   336  printf1.o(i._printf_core)
    i.fputc                                  0x080015f0   Section        0  main.o(i.fputc)
    i.main                                   0x08001614   Section        0  main.o(i.main)
    i.prvAddCurrentTaskToDelayedList         0x080017c4   Section        0  tasks.o(i.prvAddCurrentTaskToDelayedList)
    prvAddCurrentTaskToDelayedList           0x080017c5   Thumb Code   124  tasks.o(i.prvAddCurrentTaskToDelayedList)
    i.prvAddNewTaskToReadyList               0x0800185c   Section        0  tasks.o(i.prvAddNewTaskToReadyList)
    prvAddNewTaskToReadyList                 0x0800185d   Thumb Code   150  tasks.o(i.prvAddNewTaskToReadyList)
    i.prvCheckTasksWaitingTermination        0x08001910   Section        0  tasks.o(i.prvCheckTasksWaitingTermination)
    prvCheckTasksWaitingTermination          0x08001911   Thumb Code    60  tasks.o(i.prvCheckTasksWaitingTermination)
    i.prvCopyDataFromQueue                   0x08001958   Section        0  queue.o(i.prvCopyDataFromQueue)
    prvCopyDataFromQueue                     0x08001959   Thumb Code    42  queue.o(i.prvCopyDataFromQueue)
    i.prvCopyDataToQueue                     0x08001982   Section        0  queue.o(i.prvCopyDataToQueue)
    prvCopyDataToQueue                       0x08001983   Thumb Code   126  queue.o(i.prvCopyDataToQueue)
    i.prvDeleteTCB                           0x08001a00   Section        0  tasks.o(i.prvDeleteTCB)
    prvDeleteTCB                             0x08001a01   Thumb Code    18  tasks.o(i.prvDeleteTCB)
    i.prvIdleTask                            0x08001a14   Section        0  tasks.o(i.prvIdleTask)
    prvIdleTask                              0x08001a15   Thumb Code    32  tasks.o(i.prvIdleTask)
    i.prvInitialiseNewQueue                  0x08001a3c   Section        0  queue.o(i.prvInitialiseNewQueue)
    prvInitialiseNewQueue                    0x08001a3d   Thumb Code    38  queue.o(i.prvInitialiseNewQueue)
    i.prvInitialiseNewTask                   0x08001a62   Section        0  tasks.o(i.prvInitialiseNewTask)
    prvInitialiseNewTask                     0x08001a63   Thumb Code   144  tasks.o(i.prvInitialiseNewTask)
    i.prvInitialiseTaskLists                 0x08001af4   Section        0  tasks.o(i.prvInitialiseTaskLists)
    prvInitialiseTaskLists                   0x08001af5   Thumb Code    70  tasks.o(i.prvInitialiseTaskLists)
    i.prvIsQueueEmpty                        0x08001b5c   Section        0  queue.o(i.prvIsQueueEmpty)
    prvIsQueueEmpty                          0x08001b5d   Thumb Code    26  queue.o(i.prvIsQueueEmpty)
    i.prvIsQueueFull                         0x08001b76   Section        0  queue.o(i.prvIsQueueFull)
    prvIsQueueFull                           0x08001b77   Thumb Code    30  queue.o(i.prvIsQueueFull)
    i.prvResetNextTaskUnblockTime            0x08001b94   Section        0  tasks.o(i.prvResetNextTaskUnblockTime)
    prvResetNextTaskUnblockTime              0x08001b95   Thumb Code    42  tasks.o(i.prvResetNextTaskUnblockTime)
    i.prvTaskExitError                       0x08001bc8   Section        0  port.o(i.prvTaskExitError)
    prvTaskExitError                         0x08001bc9   Thumb Code    22  port.o(i.prvTaskExitError)
    i.prvUnlockQueue                         0x08001bde   Section        0  queue.o(i.prvUnlockQueue)
    prvUnlockQueue                           0x08001bdf   Thumb Code   126  queue.o(i.prvUnlockQueue)
    i.pvPortMalloc                           0x08001c5c   Section        0  heap_1.o(i.pvPortMalloc)
    i.pxPortInitialiseStack                  0x08001ccc   Section        0  port.o(i.pxPortInitialiseStack)
    i.switchState                            0x08001cf0   Section        0  buttons.o(i.switchState)
    i.uxListRemove                           0x08001d40   Section        0  list.o(i.uxListRemove)
    i.vApplicationStackOverflowHook          0x08001d68   Section        0  main.o(i.vApplicationStackOverflowHook)
    i.vListInitialise                        0x08001da8   Section        0  list.o(i.vListInitialise)
    i.vListInitialiseItem                    0x08001dc2   Section        0  list.o(i.vListInitialiseItem)
    i.vListInsert                            0x08001dc8   Section        0  list.o(i.vListInsert)
    i.vListInsertEnd                         0x08001dfc   Section        0  list.o(i.vListInsertEnd)
    i.vPortEnterCritical                     0x08001e14   Section        0  port.o(i.vPortEnterCritical)
    i.vPortExitCritical                      0x08001e38   Section        0  port.o(i.vPortExitCritical)
    i.vPortFree                              0x08001e58   Section        0  heap_1.o(i.vPortFree)
    i.vPortSetupTimerInterrupt               0x08001e5c   Section        0  port.o(i.vPortSetupTimerInterrupt)
    i.vTaskButton1                           0x08001e74   Section        0  buttons.o(i.vTaskButton1)
    i.vTaskControlMotor                      0x0800216c   Section        0  valve.o(i.vTaskControlMotor)
    i.vTaskDelay                             0x08002240   Section        0  tasks.o(i.vTaskDelay)
    i.vTaskInternalSetTimeOutState           0x08002274   Section        0  tasks.o(i.vTaskInternalSetTimeOutState)
    i.vTaskLED                               0x0800228c   Section        0  main.o(i.vTaskLED)
    vTaskLED                                 0x0800228d   Thumb Code   252  main.o(i.vTaskLED)
    i.vTaskMeasure                           0x0800238c   Section        0  valve.o(i.vTaskMeasure)
    i.vTaskMissedYield                       0x080023a8   Section        0  tasks.o(i.vTaskMissedYield)
    i.vTaskPlaceOnEventList                  0x080023b4   Section        0  tasks.o(i.vTaskPlaceOnEventList)
    i.vTaskStartScheduler                    0x080023d4   Section        0  tasks.o(i.vTaskStartScheduler)
    i.vTaskStopSensorCheck                   0x08002438   Section        0  valve.o(i.vTaskStopSensorCheck)
    i.vTaskSuspendAll                        0x08002584   Section        0  tasks.o(i.vTaskSuspendAll)
    i.vTaskSwitchContext                     0x08002594   Section        0  tasks.o(i.vTaskSwitchContext)
    i.vTaskZmPeriodic                        0x08002614   Section        0  zwave.o(i.vTaskZmPeriodic)
    i.vTaskZmReceiver                        0x08002624   Section        0  zwave.o(i.vTaskZmReceiver)
    i.xPortGetFreeHeapSize                   0x08002a1c   Section        0  heap_1.o(i.xPortGetFreeHeapSize)
    i.xPortStartScheduler                    0x08002a2c   Section        0  port.o(i.xPortStartScheduler)
    i.xPortSysTickHandler                    0x08002a60   Section        0  port.o(i.xPortSysTickHandler)
    i.xQueueGenericCreate                    0x08002a94   Section        0  queue.o(i.xQueueGenericCreate)
    i.xQueueGenericReset                     0x08002ad0   Section        0  queue.o(i.xQueueGenericReset)
    i.xQueueGenericSend                      0x08002b50   Section        0  queue.o(i.xQueueGenericSend)
    i.xQueueGenericSendFromISR               0x08002c68   Section        0  queue.o(i.xQueueGenericSendFromISR)
    i.xQueueReceive                          0x08002cf0   Section        0  queue.o(i.xQueueReceive)
    i.xTaskCheckForTimeOut                   0x08002df4   Section        0  tasks.o(i.xTaskCheckForTimeOut)
    i.xTaskCreate                            0x08002e50   Section        0  tasks.o(i.xTaskCreate)
    i.xTaskIncrementTick                     0x08002eb0   Section        0  tasks.o(i.xTaskIncrementTick)
    i.xTaskPriorityDisinherit                0x08002fcc   Section        0  tasks.o(i.xTaskPriorityDisinherit)
    i.xTaskRemoveFromEventList               0x08003050   Section        0  tasks.o(i.xTaskRemoveFromEventList)
    i.xTaskResumeAll                         0x080030d0   Section        0  tasks.o(i.xTaskResumeAll)
    .constdata                               0x080031b8   Section       16  main.o(.constdata)
    .constdata                               0x080031c8   Section       40  valve.o(.constdata)
    .data                                    0x20000000   Section       12  stm32f10x_it.o(.data)
    .data                                    0x2000000c   Section        7  uart_command.o(.data)
    .data                                    0x20000014   Section       56  valve.o(.data)
    .data                                    0x2000004c   Section        1  zwave.o(.data)
    .data                                    0x2000004d   Section       20  stm32f10x_rcc.o(.data)
    APBAHBPrescTable                         0x2000004d   Data          16  stm32f10x_rcc.o(.data)
    ADCPrescTable                            0x2000005d   Data           4  stm32f10x_rcc.o(.data)
    .data                                    0x20000064   Section       60  tasks.o(.data)
    pxDelayedTaskList                        0x20000068   Data           4  tasks.o(.data)
    pxOverflowDelayedTaskList                0x2000006c   Data           4  tasks.o(.data)
    uxDeletedTasksWaitingCleanUp             0x20000070   Data           4  tasks.o(.data)
    uxCurrentNumberOfTasks                   0x20000074   Data           4  tasks.o(.data)
    xTickCount                               0x20000078   Data           4  tasks.o(.data)
    uxTopReadyPriority                       0x2000007c   Data           4  tasks.o(.data)
    xSchedulerRunning                        0x20000080   Data           4  tasks.o(.data)
    uxPendedTicks                            0x20000084   Data           4  tasks.o(.data)
    xYieldPending                            0x20000088   Data           4  tasks.o(.data)
    xNumOfOverflows                          0x2000008c   Data           4  tasks.o(.data)
    uxTaskNumber                             0x20000090   Data           4  tasks.o(.data)
    xNextTaskUnblockTime                     0x20000094   Data           4  tasks.o(.data)
    xIdleTaskHandle                          0x20000098   Data           4  tasks.o(.data)
    uxSchedulerSuspended                     0x2000009c   Data           4  tasks.o(.data)
    .data                                    0x200000a0   Section        4  port.o(.data)
    uxCriticalNesting                        0x200000a0   Data           4  port.o(.data)
    .data                                    0x200000a4   Section        8  heap_1.o(.data)
    xNextFreeByte                            0x200000a4   Data           4  heap_1.o(.data)
    pucAlignedHeap                           0x200000a8   Data           4  heap_1.o(.data)
    .data                                    0x200000ac   Section        4  stdout.o(.data)
    .bss                                     0x200000b0   Section       16  main.o(.bss)
    .bss                                     0x200000c0   Section      180  uart_command.o(.bss)
    .bss                                     0x20000174   Section      200  tasks.o(.bss)
    pxReadyTasksLists                        0x20000174   Data         100  tasks.o(.bss)
    xDelayedTaskList1                        0x200001d8   Data          20  tasks.o(.bss)
    xDelayedTaskList2                        0x200001ec   Data          20  tasks.o(.bss)
    xPendingReadyList                        0x20000200   Data          20  tasks.o(.bss)
    xTasksWaitingTermination                 0x20000214   Data          20  tasks.o(.bss)
    xSuspendedTaskList                       0x20000228   Data          20  tasks.o(.bss)
    .bss                                     0x2000023c   Section    17408  heap_1.o(.bss)
    ucHeap                                   0x2000023c   Data       17408  heap_1.o(.bss)
    STACK                                    0x20004640   Section     1024  startup_stm32f10x_hd.o(STACK)

    Global Symbols

    Symbol Name                              Value     Ov Type        Size  Object(Section)

    BuildAttributes$$THM_ISAv4$P$D$K$B$S$PE$A:L22UL41UL21$X:L11$S22US41US21$IEEE1$IW$USESV6$~STKCKD$USESV7$~SHL$OTIME$ROPI$EBA8$MICROLIB$REQ8$PRES8$EABIv2 0x00000000   Number         0  anon$$obj.o ABSOLUTE
    __ARM_use_no_argv                        0x00000000   Number         0  main.o ABSOLUTE
    _printf_a                                0x00000000   Number         0  stubs.o ABSOLUTE
    _printf_c                                0x00000000   Number         0  stubs.o ABSOLUTE
    _printf_charcount                        0x00000000   Number         0  stubs.o ABSOLUTE
    _printf_d                                0x00000000   Number         0  stubs.o ABSOLUTE
    _printf_e                                0x00000000   Number         0  stubs.o ABSOLUTE
    _printf_f                                0x00000000   Number         0  stubs.o ABSOLUTE
    _printf_flags                            0x00000000   Number         0  stubs.o ABSOLUTE
    _printf_fp_dec                           0x00000000   Number         0  stubs.o ABSOLUTE
    _printf_fp_hex                           0x00000000   Number         0  stubs.o ABSOLUTE
    _printf_g                                0x00000000   Number         0  stubs.o ABSOLUTE
    _printf_i                                0x00000000   Number         0  stubs.o ABSOLUTE
    _printf_int_dec                          0x00000000   Number         0  stubs.o ABSOLUTE
    _printf_l                                0x00000000   Number         0  stubs.o ABSOLUTE
    _printf_lc                               0x00000000   Number         0  stubs.o ABSOLUTE
    _printf_ll                               0x00000000   Number         0  stubs.o ABSOLUTE
    _printf_lld                              0x00000000   Number         0  stubs.o ABSOLUTE
    _printf_lli                              0x00000000   Number         0  stubs.o ABSOLUTE
    _printf_llo                              0x00000000   Number         0  stubs.o ABSOLUTE
    _printf_llu                              0x00000000   Number         0  stubs.o ABSOLUTE
    _printf_llx                              0x00000000   Number         0  stubs.o ABSOLUTE
    _printf_longlong_dec                     0x00000000   Number         0  stubs.o ABSOLUTE
    _printf_longlong_hex                     0x00000000   Number         0  stubs.o ABSOLUTE
    _printf_longlong_oct                     0x00000000   Number         0  stubs.o ABSOLUTE
    _printf_ls                               0x00000000   Number         0  stubs.o ABSOLUTE
    _printf_mbtowc                           0x00000000   Number         0  stubs.o ABSOLUTE
    _printf_n                                0x00000000   Number         0  stubs.o ABSOLUTE
    _printf_o                                0x00000000   Number         0  stubs.o ABSOLUTE
    _printf_p                                0x00000000   Number         0  stubs.o ABSOLUTE
    _printf_percent                          0x00000000   Number         0  stubs.o ABSOLUTE
    _printf_pre_padding                      0x00000000   Number         0  stubs.o ABSOLUTE
    _printf_return_value                     0x00000000   Number         0  stubs.o ABSOLUTE
    _printf_s                                0x00000000   Number         0  stubs.o ABSOLUTE
    _printf_sizespec                         0x00000000   Number         0  stubs.o ABSOLUTE
    _printf_str                              0x00000000   Number         0  stubs.o ABSOLUTE
    _printf_truncate_signed                  0x00000000   Number         0  stubs.o ABSOLUTE
    _printf_truncate_unsigned                0x00000000   Number         0  stubs.o ABSOLUTE
    _printf_u                                0x00000000   Number         0  stubs.o ABSOLUTE
    _printf_wc                               0x00000000   Number         0  stubs.o ABSOLUTE
    _printf_wctomb                           0x00000000   Number         0  stubs.o ABSOLUTE
    _printf_widthprec                        0x00000000   Number         0  stubs.o ABSOLUTE
    _printf_x                                0x00000000   Number         0  stubs.o ABSOLUTE
    __cpp_initialize__aeabi_                  - Undefined Weak Reference
    __cxa_finalize                            - Undefined Weak Reference
    __decompress                              - Undefined Weak Reference
    _clock_init                               - Undefined Weak Reference
    _microlib_exit                            - Undefined Weak Reference
    __Vectors_Size                           0x00000130   Number         0  startup_stm32f10x_hd.o ABSOLUTE
    __Vectors                                0x08000000   Data           4  startup_stm32f10x_hd.o(RESET)
    __Vectors_End                            0x08000130   Data           0  startup_stm32f10x_hd.o(RESET)
    __main                                   0x08000131   Thumb Code     0  entry.o(.ARM.Collect$$$$00000000)
    _main_stk                                0x08000131   Thumb Code     0  entry2.o(.ARM.Collect$$$$00000001)
    _main_scatterload                        0x08000135   Thumb Code     0  entry5.o(.ARM.Collect$$$$00000004)
    __main_after_scatterload                 0x08000139   Thumb Code     0  entry5.o(.ARM.Collect$$$$00000004)
    _main_clock                              0x08000139   Thumb Code     0  entry7b.o(.ARM.Collect$$$$00000008)
    _main_cpp_init                           0x08000139   Thumb Code     0  entry8b.o(.ARM.Collect$$$$0000000A)
    _main_init                               0x08000139   Thumb Code     0  entry9a.o(.ARM.Collect$$$$0000000B)
    __rt_final_cpp                           0x08000141   Thumb Code     0  entry10a.o(.ARM.Collect$$$$0000000D)
    __rt_final_exit                          0x08000141   Thumb Code     0  entry11a.o(.ARM.Collect$$$$0000000F)
    vPortSVCHandler                          0x08000145   Thumb Code    32  port.o(.emb_text)
    __asm___6_port_c_39a90d8d__prvStartFirstTask 0x08000169   Thumb Code    28  port.o(.emb_text)
    xPortPendSVHandler                       0x08000189   Thumb Code    72  port.o(.emb_text)
    vPortGetIPSR                             0x080001d5   Thumb Code     6  port.o(.emb_text)
    SystemInit_ExtMemCtl                     0x080001dd   Thumb Code     2  startup_stm32f10x_hd.o(.text)
    Reset_Handler                            0x080001df   Thumb Code    14  startup_stm32f10x_hd.o(.text)
    ADC1_2_IRQHandler                        0x080001ff   Thumb Code     0  startup_stm32f10x_hd.o(.text)
    ADC3_IRQHandler                          0x080001ff   Thumb Code     0  startup_stm32f10x_hd.o(.text)
    CAN1_RX1_IRQHandler                      0x080001ff   Thumb Code     0  startup_stm32f10x_hd.o(.text)
    CAN1_SCE_IRQHandler                      0x080001ff   Thumb Code     0  startup_stm32f10x_hd.o(.text)
    DMA1_Channel1_IRQHandler                 0x080001ff   Thumb Code     0  startup_stm32f10x_hd.o(.text)
    DMA1_Channel2_IRQHandler                 0x080001ff   Thumb Code     0  startup_stm32f10x_hd.o(.text)
    DMA1_Channel3_IRQHandler                 0x080001ff   Thumb Code     0  startup_stm32f10x_hd.o(.text)
    DMA1_Channel4_IRQHandler                 0x080001ff   Thumb Code     0  startup_stm32f10x_hd.o(.text)
    DMA1_Channel5_IRQHandler                 0x080001ff   Thumb Code     0  startup_stm32f10x_hd.o(.text)
    DMA1_Channel6_IRQHandler                 0x080001ff   Thumb Code     0  startup_stm32f10x_hd.o(.text)
    DMA1_Channel7_IRQHandler                 0x080001ff   Thumb Code     0  startup_stm32f10x_hd.o(.text)
    DMA2_Channel1_IRQHandler                 0x080001ff   Thumb Code     0  startup_stm32f10x_hd.o(.text)
    DMA2_Channel2_IRQHandler                 0x080001ff   Thumb Code     0  startup_stm32f10x_hd.o(.text)
    DMA2_Channel3_IRQHandler                 0x080001ff   Thumb Code     0  startup_stm32f10x_hd.o(.text)
    DMA2_Channel4_5_IRQHandler               0x080001ff   Thumb Code     0  startup_stm32f10x_hd.o(.text)
    FLASH_IRQHandler                         0x080001ff   Thumb Code     0  startup_stm32f10x_hd.o(.text)
    FSMC_IRQHandler                          0x080001ff   Thumb Code     0  startup_stm32f10x_hd.o(.text)
    I2C1_ER_IRQHandler                       0x080001ff   Thumb Code     0  startup_stm32f10x_hd.o(.text)
    I2C1_EV_IRQHandler                       0x080001ff   Thumb Code     0  startup_stm32f10x_hd.o(.text)
    I2C2_ER_IRQHandler                       0x080001ff   Thumb Code     0  startup_stm32f10x_hd.o(.text)
    I2C2_EV_IRQHandler                       0x080001ff   Thumb Code     0  startup_stm32f10x_hd.o(.text)
    PVD_IRQHandler                           0x080001ff   Thumb Code     0  startup_stm32f10x_hd.o(.text)
    RCC_IRQHandler                           0x080001ff   Thumb Code     0  startup_stm32f10x_hd.o(.text)
    RTCAlarm_IRQHandler                      0x080001ff   Thumb Code     0  startup_stm32f10x_hd.o(.text)
    RTC_IRQHandler                           0x080001ff   Thumb Code     0  startup_stm32f10x_hd.o(.text)
    SDIO_IRQHandler                          0x080001ff   Thumb Code     0  startup_stm32f10x_hd.o(.text)
    SPI1_IRQHandler                          0x080001ff   Thumb Code     0  startup_stm32f10x_hd.o(.text)
    SPI2_IRQHandler                          0x080001ff   Thumb Code     0  startup_stm32f10x_hd.o(.text)
    SPI3_IRQHandler                          0x080001ff   Thumb Code     0  startup_stm32f10x_hd.o(.text)
    TAMPER_IRQHandler                        0x080001ff   Thumb Code     0  startup_stm32f10x_hd.o(.text)
    TIM1_BRK_IRQHandler                      0x080001ff   Thumb Code     0  startup_stm32f10x_hd.o(.text)
    TIM1_CC_IRQHandler                       0x080001ff   Thumb Code     0  startup_stm32f10x_hd.o(.text)
    TIM1_TRG_COM_IRQHandler                  0x080001ff   Thumb Code     0  startup_stm32f10x_hd.o(.text)
    TIM1_UP_IRQHandler                       0x080001ff   Thumb Code     0  startup_stm32f10x_hd.o(.text)
    TIM2_IRQHandler                          0x080001ff   Thumb Code     0  startup_stm32f10x_hd.o(.text)
    TIM3_IRQHandler                          0x080001ff   Thumb Code     0  startup_stm32f10x_hd.o(.text)
    TIM4_IRQHandler                          0x080001ff   Thumb Code     0  startup_stm32f10x_hd.o(.text)
    TIM5_IRQHandler                          0x080001ff   Thumb Code     0  startup_stm32f10x_hd.o(.text)
    TIM6_IRQHandler                          0x080001ff   Thumb Code     0  startup_stm32f10x_hd.o(.text)
    TIM7_IRQHandler                          0x080001ff   Thumb Code     0  startup_stm32f10x_hd.o(.text)
    TIM8_BRK_IRQHandler                      0x080001ff   Thumb Code     0  startup_stm32f10x_hd.o(.text)
    TIM8_CC_IRQHandler                       0x080001ff   Thumb Code     0  startup_stm32f10x_hd.o(.text)
    TIM8_TRG_COM_IRQHandler                  0x080001ff   Thumb Code     0  startup_stm32f10x_hd.o(.text)
    TIM8_UP_IRQHandler                       0x080001ff   Thumb Code     0  startup_stm32f10x_hd.o(.text)
    UART4_IRQHandler                         0x080001ff   Thumb Code     0  startup_stm32f10x_hd.o(.text)
    USART1_IRQHandler                        0x080001ff   Thumb Code     0  startup_stm32f10x_hd.o(.text)
    USART2_IRQHandler                        0x080001ff   Thumb Code     0  startup_stm32f10x_hd.o(.text)
    USART3_IRQHandler                        0x080001ff   Thumb Code     0  startup_stm32f10x_hd.o(.text)
    USBWakeUp_IRQHandler                     0x080001ff   Thumb Code     0  startup_stm32f10x_hd.o(.text)
    USB_HP_CAN1_TX_IRQHandler                0x080001ff   Thumb Code     0  startup_stm32f10x_hd.o(.text)
    USB_LP_CAN1_RX0_IRQHandler               0x080001ff   Thumb Code     0  startup_stm32f10x_hd.o(.text)
    WWDG_IRQHandler                          0x080001ff   Thumb Code     0  startup_stm32f10x_hd.o(.text)
    __aeabi_memcpy                           0x0800020d   Thumb Code    36  memcpya.o(.text)
    __aeabi_memcpy4                          0x0800020d   Thumb Code     0  memcpya.o(.text)
    __aeabi_memcpy8                          0x0800020d   Thumb Code     0  memcpya.o(.text)
    __aeabi_memset                           0x08000231   Thumb Code    14  memseta.o(.text)
    __aeabi_memset4                          0x08000231   Thumb Code     0  memseta.o(.text)
    __aeabi_memset8                          0x08000231   Thumb Code     0  memseta.o(.text)
    __aeabi_memclr                           0x0800023f   Thumb Code     4  memseta.o(.text)
    __aeabi_memclr4                          0x0800023f   Thumb Code     0  memseta.o(.text)
    __aeabi_memclr8                          0x0800023f   Thumb Code     0  memseta.o(.text)
    _memset$wrapper                          0x08000243   Thumb Code    18  memseta.o(.text)
    __aeabi_uidiv                            0x08000255   Thumb Code     0  uidiv.o(.text)
    __aeabi_uidivmod                         0x08000255   Thumb Code    44  uidiv.o(.text)
    __scatterload                            0x08000281   Thumb Code    28  init.o(.text)
    __scatterload_rt2                        0x08000281   Thumb Code     0  init.o(.text)
    BusFault_Handler                         0x0800031d   Thumb Code     4  stm32f10x_it.o(i.BusFault_Handler)
    DebugMon_Handler                         0x08000321   Thumb Code     2  stm32f10x_it.o(i.DebugMon_Handler)
    EEPROM_Init                              0x08000325   Thumb Code   138  eeprom.o(i.EEPROM_Init)
    EXTI0_IRQHandler                         0x080003bd   Thumb Code    58  stm32f10x_it.o(i.EXTI0_IRQHandler)
    EXTI15_10_IRQHandler                     0x08000401   Thumb Code   116  stm32f10x_it.o(i.EXTI15_10_IRQHandler)
    EXTI1_IRQHandler                         0x08000479   Thumb Code    58  stm32f10x_it.o(i.EXTI1_IRQHandler)
    EXTI2_IRQHandler                         0x080004bd   Thumb Code    58  stm32f10x_it.o(i.EXTI2_IRQHandler)
    EXTI3_IRQHandler                         0x08000501   Thumb Code    58  stm32f10x_it.o(i.EXTI3_IRQHandler)
    EXTI4_IRQHandler                         0x08000545   Thumb Code    52  stm32f10x_it.o(i.EXTI4_IRQHandler)
    EXTI9_5_IRQHandler                       0x0800057d   Thumb Code    46  stm32f10x_it.o(i.EXTI9_5_IRQHandler)
    EXTI_ClearFlag                           0x080005b1   Thumb Code     6  stm32f10x_exti.o(i.EXTI_ClearFlag)
    EXTI_GetITStatus                         0x080005bd   Thumb Code    34  stm32f10x_exti.o(i.EXTI_GetITStatus)
    GPIO_EXTILineConfig                      0x080005e5   Thumb Code    60  stm32f10x_gpio.o(i.GPIO_EXTILineConfig)
    GPIO_Init                                0x08000625   Thumb Code   278  stm32f10x_gpio.o(i.GPIO_Init)
    GPIO_ReadInputDataBit                    0x0800073b   Thumb Code    18  stm32f10x_gpio.o(i.GPIO_ReadInputDataBit)
    GPIO_ReadOutputDataBit                   0x0800074d   Thumb Code    18  stm32f10x_gpio.o(i.GPIO_ReadOutputDataBit)
    GPIO_ResetBits                           0x0800075f   Thumb Code     4  stm32f10x_gpio.o(i.GPIO_ResetBits)
    GPIO_SetBits                             0x08000763   Thumb Code     4  stm32f10x_gpio.o(i.GPIO_SetBits)
    GPIO_WriteBit                            0x08000767   Thumb Code    10  stm32f10x_gpio.o(i.GPIO_WriteBit)
    HardFault_Handler                        0x08000771   Thumb Code     4  stm32f10x_it.o(i.HardFault_Handler)
    I2C_Cmd                                  0x08000775   Thumb Code    24  stm32f10x_i2c.o(i.I2C_Cmd)
    I2C_DeInit                               0x0800078d   Thumb Code    50  stm32f10x_i2c.o(i.I2C_DeInit)
    I2C_Init                                 0x080007c5   Thumb Code   222  stm32f10x_i2c.o(i.I2C_Init)
    LED_Control                              0x080008b1   Thumb Code    44  hw_config.o(i.LED_Control)
    LED_Toggle                               0x080008e1   Thumb Code    72  hw_config.o(i.LED_Toggle)
    MemManage_Handler                        0x08000965   Thumb Code     4  stm32f10x_it.o(i.MemManage_Handler)
    Motor_Init                               0x08000969   Thumb Code   360  valve.o(i.Motor_Init)
    Motor_Stop                               0x08000b99   Thumb Code    38  valve.o(i.Motor_Stop)
    NMI_Handler                              0x08000bcd   Thumb Code     2  stm32f10x_it.o(i.NMI_Handler)
    NVIC_Init                                0x08000bd1   Thumb Code   100  misc.o(i.NVIC_Init)
    NVIC_PriorityGroupConfig                 0x08000c41   Thumb Code    10  misc.o(i.NVIC_PriorityGroupConfig)
    RCC_APB1PeriphClockCmd                   0x08000c55   Thumb Code    26  stm32f10x_rcc.o(i.RCC_APB1PeriphClockCmd)
    RCC_APB1PeriphResetCmd                   0x08000c75   Thumb Code    26  stm32f10x_rcc.o(i.RCC_APB1PeriphResetCmd)
    RCC_APB2PeriphClockCmd                   0x08000c95   Thumb Code    26  stm32f10x_rcc.o(i.RCC_APB2PeriphClockCmd)
    RCC_GetClocksFreq                        0x08000cb5   Thumb Code   192  stm32f10x_rcc.o(i.RCC_GetClocksFreq)
    STM32F1_HW_Init                          0x08000d91   Thumb Code    24  hw_config.o(i.STM32F1_HW_Init)
    SysTick_Handler                          0x08000e95   Thumb Code     8  stm32f10x_it.o(i.SysTick_Handler)
    SystemInit                               0x08000e9d   Thumb Code    70  system_stm32f10x.o(i.SystemInit)
    UART5_IRQHandler                         0x08000ef1   Thumb Code    36  stm32f10x_it.o(i.UART5_IRQHandler)
    USART_ClearFlag                          0x08001071   Thumb Code    18  stm32f10x_usart.o(i.USART_ClearFlag)
    USART_ClearITPendingBit                  0x08001083   Thumb Code    30  stm32f10x_usart.o(i.USART_ClearITPendingBit)
    USART_Cmd                                0x080010a1   Thumb Code    24  stm32f10x_usart.o(i.USART_Cmd)
    USART_GetFlagStatus                      0x080010b9   Thumb Code    26  stm32f10x_usart.o(i.USART_GetFlagStatus)
    USART_GetITStatus                        0x080010d3   Thumb Code    84  stm32f10x_usart.o(i.USART_GetITStatus)
    USART_ITConfig                           0x08001127   Thumb Code    74  stm32f10x_usart.o(i.USART_ITConfig)
    USART_Init                               0x08001171   Thumb Code   156  stm32f10x_usart.o(i.USART_Init)
    USART_ReceiveData                        0x08001211   Thumb Code    10  stm32f10x_usart.o(i.USART_ReceiveData)
    USART_SendData                           0x0800121b   Thumb Code     8  stm32f10x_usart.o(i.USART_SendData)
    Uart_send_command                        0x08001225   Thumb Code   154  uart_command.o(i.Uart_send_command)
    Uart_update                              0x080012d1   Thumb Code   362  uart_command.o(i.Uart_update)
    UsageFault_Handler                       0x08001459   Thumb Code     4  stm32f10x_it.o(i.UsageFault_Handler)
    __0printf$1                              0x0800145d   Thumb Code    22  printf1.o(i.__0printf$1)
    __1printf$1                              0x0800145d   Thumb Code     0  printf1.o(i.__0printf$1)
    __2printf                                0x0800145d   Thumb Code     0  printf1.o(i.__0printf$1)
    __scatterload_copy                       0x0800147d   Thumb Code    14  handlers.o(i.__scatterload_copy)
    __scatterload_null                       0x0800148b   Thumb Code     2  handlers.o(i.__scatterload_null)
    __scatterload_zeroinit                   0x0800148d   Thumb Code    14  handlers.o(i.__scatterload_zeroinit)
    fputc                                    0x080015f1   Thumb Code    32  main.o(i.fputc)
    main                                     0x08001615   Thumb Code   220  main.o(i.main)
    pvPortMalloc                             0x08001c5d   Thumb Code    98  heap_1.o(i.pvPortMalloc)
    pxPortInitialiseStack                    0x08001ccd   Thumb Code    30  port.o(i.pxPortInitialiseStack)
    switchState                              0x08001cf1   Thumb Code    74  buttons.o(i.switchState)
    uxListRemove                             0x08001d41   Thumb Code    40  list.o(i.uxListRemove)
    vApplicationStackOverflowHook            0x08001d69   Thumb Code    36  main.o(i.vApplicationStackOverflowHook)
    vListInitialise                          0x08001da9   Thumb Code    26  list.o(i.vListInitialise)
    vListInitialiseItem                      0x08001dc3   Thumb Code     6  list.o(i.vListInitialiseItem)
    vListInsert                              0x08001dc9   Thumb Code    52  list.o(i.vListInsert)
    vListInsertEnd                           0x08001dfd   Thumb Code    24  list.o(i.vListInsertEnd)
    vPortEnterCritical                       0x08001e15   Thumb Code    30  port.o(i.vPortEnterCritical)
    vPortExitCritical                        0x08001e39   Thumb Code    28  port.o(i.vPortExitCritical)
    vPortFree                                0x08001e59   Thumb Code     2  heap_1.o(i.vPortFree)
    vPortSetupTimerInterrupt                 0x08001e5d   Thumb Code    20  port.o(i.vPortSetupTimerInterrupt)
    vTaskButton1                             0x08001e75   Thumb Code   722  buttons.o(i.vTaskButton1)
    vTaskControlMotor                        0x0800216d   Thumb Code   168  valve.o(i.vTaskControlMotor)
    vTaskDelay                               0x08002241   Thumb Code    46  tasks.o(i.vTaskDelay)
    vTaskInternalSetTimeOutState             0x08002275   Thumb Code    14  tasks.o(i.vTaskInternalSetTimeOutState)
    vTaskMeasure                             0x0800238d   Thumb Code    26  valve.o(i.vTaskMeasure)
    vTaskMissedYield                         0x080023a9   Thumb Code     8  tasks.o(i.vTaskMissedYield)
    vTaskPlaceOnEventList                    0x080023b5   Thumb Code    28  tasks.o(i.vTaskPlaceOnEventList)
    vTaskStartScheduler                      0x080023d5   Thumb Code    72  tasks.o(i.vTaskStartScheduler)
    vTaskStopSensorCheck                     0x08002439   Thumb Code   272  valve.o(i.vTaskStopSensorCheck)
    vTaskSuspendAll                          0x08002585   Thumb Code    12  tasks.o(i.vTaskSuspendAll)
    vTaskSwitchContext                       0x08002595   Thumb Code   106  tasks.o(i.vTaskSwitchContext)
    vTaskZmPeriodic                          0x08002615   Thumb Code    14  zwave.o(i.vTaskZmPeriodic)
    vTaskZmReceiver                          0x08002625   Thumb Code   718  zwave.o(i.vTaskZmReceiver)
    xPortGetFreeHeapSize                     0x08002a1d   Thumb Code    12  heap_1.o(i.xPortGetFreeHeapSize)
    xPortStartScheduler                      0x08002a2d   Thumb Code    42  port.o(i.xPortStartScheduler)
    xPortSysTickHandler                      0x08002a61   Thumb Code    46  port.o(i.xPortSysTickHandler)
    xQueueGenericCreate                      0x08002a95   Thumb Code    58  queue.o(i.xQueueGenericCreate)
    xQueueGenericReset                       0x08002ad1   Thumb Code   122  queue.o(i.xQueueGenericReset)
    xQueueGenericSend                        0x08002b51   Thumb Code   276  queue.o(i.xQueueGenericSend)
    xQueueGenericSendFromISR                 0x08002c69   Thumb Code   134  queue.o(i.xQueueGenericSendFromISR)
    xQueueReceive                            0x08002cf1   Thumb Code   256  queue.o(i.xQueueReceive)
    xTaskCheckForTimeOut                     0x08002df5   Thumb Code    84  tasks.o(i.xTaskCheckForTimeOut)
    xTaskCreate                              0x08002e51   Thumb Code    96  tasks.o(i.xTaskCreate)
    xTaskIncrementTick                       0x08002eb1   Thumb Code   238  tasks.o(i.xTaskIncrementTick)
    xTaskPriorityDisinherit                  0x08002fcd   Thumb Code   122  tasks.o(i.xTaskPriorityDisinherit)
    xTaskRemoveFromEventList                 0x08003051   Thumb Code   104  tasks.o(i.xTaskRemoveFromEventList)
    xTaskResumeAll                           0x080030d1   Thumb Code   196  tasks.o(i.xTaskResumeAll)
    SENSOR_PIN_A                             0x080031c8   Data           8  valve.o(.constdata)
    SENSOR_PIN_B                             0x080031d0   Data           8  valve.o(.constdata)
    ENCODER_PIN                              0x080031d8   Data           8  valve.o(.constdata)
    MOTOR_PIN_A                              0x080031e0   Data           8  valve.o(.constdata)
    MOTOR_PIN_B                              0x080031e8   Data           8  valve.o(.constdata)
    Region$$Table$$Base                      0x080031f0   Number         0  anon$$obj.o(Region$$Table)
    Region$$Table$$Limit                     0x08003210   Number         0  anon$$obj.o(Region$$Table)
    cmd_ready                                0x20000000   Data           1  stm32f10x_it.o(.data)
    capture                                  0x20000002   Data           2  stm32f10x_it.o(.data)
    flowCounter                              0x20000004   Data           8  stm32f10x_it.o(.data)
    ZW_UART_RECEIVE                          0x2000000c   Data           1  uart_command.o(.data)
    ZW_UART_RECEIVE_STATUS                   0x2000000d   Data           1  uart_command.o(.data)
    serBufLen                                0x2000000e   Data           1  uart_command.o(.data)
    con_state                                0x2000000f   Data           1  uart_command.o(.data)
    bChecksum_RX                             0x20000010   Data           1  uart_command.o(.data)
    AckNakNeeded                             0x20000011   Data           1  uart_command.o(.data)
    AckNak                                   0x20000012   Data           1  uart_command.o(.data)
    SENSOR_PORT                              0x20000014   Data          16  valve.o(.data)
    ENCODER_PORT                             0x20000024   Data          16  valve.o(.data)
    MOTOR_PORT                               0x20000034   Data          16  valve.o(.data)
    MotorState                               0x20000044   Data           4  valve.o(.data)
    MotorType                                0x20000048   Data           4  valve.o(.data)
    Zwave_mode                               0x2000004c   Data           1  zwave.o(.data)
    pxCurrentTCB                             0x20000064   Data           4  tasks.o(.data)
    __stdout                                 0x200000ac   Data           4  stdout.o(.data)
    ValveHandles                             0x200000b0   Data          16  main.o(.bss)
    serBuf                                   0x200000c0   Data         180  uart_command.o(.bss)
    __initial_sp                             0x20004a40   Data           0  startup_stm32f10x_hd.o(STACK)



==============================================================================

Memory Map of the image

  Image Entry point : 0x08000131

  Load Region LR_IROM1 (Base: 0x08000000, Size: 0x000032c0, Max: 0x00040000, ABSOLUTE)

    Execution Region ER_IROM1 (Exec base: 0x08000000, Load base: 0x08000000, Size: 0x00003210, Max: 0x00040000, ABSOLUTE)

    Exec Addr    Load Addr    Size         Type   Attr      Idx    E Section Name        Object

    0x08000000   0x08000000   0x00000130   Data   RO         4259    RESET               startup_stm32f10x_hd.o
    0x08000130   0x08000130   0x00000000   Code   RO         4302  * .ARM.Collect$$$$00000000  mc_w.l(entry.o)
    0x08000130   0x08000130   0x00000004   Code   RO         4576    .ARM.Collect$$$$00000001  mc_w.l(entry2.o)
    0x08000134   0x08000134   0x00000004   Code   RO         4579    .ARM.Collect$$$$00000004  mc_w.l(entry5.o)
    0x08000138   0x08000138   0x00000000   Code   RO         4581    .ARM.Collect$$$$00000008  mc_w.l(entry7b.o)
    0x08000138   0x08000138   0x00000000   Code   RO         4583    .ARM.Collect$$$$0000000A  mc_w.l(entry8b.o)
    0x08000138   0x08000138   0x00000008   Code   RO         4584    .ARM.Collect$$$$0000000B  mc_w.l(entry9a.o)
    0x08000140   0x08000140   0x00000000   Code   RO         4586    .ARM.Collect$$$$0000000D  mc_w.l(entry10a.o)
    0x08000140   0x08000140   0x00000000   Code   RO         4588    .ARM.Collect$$$$0000000F  mc_w.l(entry11a.o)
    0x08000140   0x08000140   0x00000004   Code   RO         4577    .ARM.Collect$$$$00002712  mc_w.l(entry2.o)
    0x08000144   0x08000144   0x00000096   Code   RO         3937    .emb_text           port.o
    0x080001da   0x080001da   0x00000002   PAD
    0x080001dc   0x080001dc   0x00000030   Code   RO         4260    .text               startup_stm32f10x_hd.o
    0x0800020c   0x0800020c   0x00000024   Code   RO         4305    .text               mc_w.l(memcpya.o)
    0x08000230   0x08000230   0x00000024   Code   RO         4307    .text               mc_w.l(memseta.o)
    0x08000254   0x08000254   0x0000002c   Code   RO         4591    .text               mc_w.l(uidiv.o)
    0x08000280   0x08000280   0x00000024   Code   RO         4608    .text               mc_w.l(init.o)
    0x080002a4   0x080002a4   0x00000078   Code   RO          155    i.BTNs_Init         hw_config.o
    0x0800031c   0x0800031c   0x00000004   Code   RO          321    i.BusFault_Handler  stm32f10x_it.o
    0x08000320   0x08000320   0x00000002   Code   RO          322    i.DebugMon_Handler  stm32f10x_it.o
    0x08000322   0x08000322   0x00000002   PAD
    0x08000324   0x08000324   0x00000098   Code   RO          131    i.EEPROM_Init       eeprom.o
    0x080003bc   0x080003bc   0x00000044   Code   RO          323    i.EXTI0_IRQHandler  stm32f10x_it.o
    0x08000400   0x08000400   0x00000078   Code   RO          324    i.EXTI15_10_IRQHandler  stm32f10x_it.o
    0x08000478   0x08000478   0x00000044   Code   RO          325    i.EXTI1_IRQHandler  stm32f10x_it.o
    0x080004bc   0x080004bc   0x00000044   Code   RO          326    i.EXTI2_IRQHandler  stm32f10x_it.o
    0x08000500   0x08000500   0x00000044   Code   RO          327    i.EXTI3_IRQHandler  stm32f10x_it.o
    0x08000544   0x08000544   0x00000038   Code   RO          328    i.EXTI4_IRQHandler  stm32f10x_it.o
    0x0800057c   0x0800057c   0x00000034   Code   RO          329    i.EXTI9_5_IRQHandler  stm32f10x_it.o
    0x080005b0   0x080005b0   0x0000000c   Code   RO         1232    i.EXTI_ClearFlag    stm32f10x_exti.o
    0x080005bc   0x080005bc   0x00000028   Code   RO         1237    i.EXTI_GetITStatus  stm32f10x_exti.o
    0x080005e4   0x080005e4   0x00000040   Code   RO         1561    i.GPIO_EXTILineConfig  stm32f10x_gpio.o
    0x08000624   0x08000624   0x00000116   Code   RO         1564    i.GPIO_Init         stm32f10x_gpio.o
    0x0800073a   0x0800073a   0x00000012   Code   RO         1568    i.GPIO_ReadInputDataBit  stm32f10x_gpio.o
    0x0800074c   0x0800074c   0x00000012   Code   RO         1570    i.GPIO_ReadOutputDataBit  stm32f10x_gpio.o
    0x0800075e   0x0800075e   0x00000004   Code   RO         1571    i.GPIO_ResetBits    stm32f10x_gpio.o
    0x08000762   0x08000762   0x00000004   Code   RO         1572    i.GPIO_SetBits      stm32f10x_gpio.o
    0x08000766   0x08000766   0x0000000a   Code   RO         1575    i.GPIO_WriteBit     stm32f10x_gpio.o
    0x08000770   0x08000770   0x00000004   Code   RO          330    i.HardFault_Handler  stm32f10x_it.o
    0x08000774   0x08000774   0x00000018   Code   RO         1678    i.I2C_Cmd           stm32f10x_i2c.o
    0x0800078c   0x0800078c   0x00000038   Code   RO         1681    i.I2C_DeInit        stm32f10x_i2c.o
    0x080007c4   0x080007c4   0x000000ec   Code   RO         1692    i.I2C_Init          stm32f10x_i2c.o
    0x080008b0   0x080008b0   0x00000030   Code   RO          156    i.LED_Control       hw_config.o
    0x080008e0   0x080008e0   0x0000004c   Code   RO          157    i.LED_Toggle        hw_config.o
    0x0800092c   0x0800092c   0x00000038   Code   RO          158    i.LEDs_Init         hw_config.o
    0x08000964   0x08000964   0x00000004   Code   RO          331    i.MemManage_Handler  stm32f10x_it.o
    0x08000968   0x08000968   0x00000188   Code   RO          462    i.Motor_Init        valve.o
    0x08000af0   0x08000af0   0x00000054   Code   RO          463    i.Motor_Run_Left    valve.o
    0x08000b44   0x08000b44   0x00000054   Code   RO          464    i.Motor_Run_Right   valve.o
    0x08000b98   0x08000b98   0x00000034   Code   RO          465    i.Motor_Stop        valve.o
    0x08000bcc   0x08000bcc   0x00000002   Code   RO          332    i.NMI_Handler       stm32f10x_it.o
    0x08000bce   0x08000bce   0x00000002   PAD
    0x08000bd0   0x08000bd0   0x00000070   Code   RO          546    i.NVIC_Init         misc.o
    0x08000c40   0x08000c40   0x00000014   Code   RO          547    i.NVIC_PriorityGroupConfig  misc.o
    0x08000c54   0x08000c54   0x00000020   Code   RO         1977    i.RCC_APB1PeriphClockCmd  stm32f10x_rcc.o
    0x08000c74   0x08000c74   0x00000020   Code   RO         1978    i.RCC_APB1PeriphResetCmd  stm32f10x_rcc.o
    0x08000c94   0x08000c94   0x00000020   Code   RO         1979    i.RCC_APB2PeriphClockCmd  stm32f10x_rcc.o
    0x08000cb4   0x08000cb4   0x000000dc   Code   RO         1987    i.RCC_GetClocksFreq  stm32f10x_rcc.o
    0x08000d90   0x08000d90   0x00000018   Code   RO          161    i.STM32F1_HW_Init   hw_config.o
    0x08000da8   0x08000da8   0x00000008   Code   RO         4264    i.SetSysClock       system_stm32f10x.o
    0x08000db0   0x08000db0   0x000000e4   Code   RO         4265    i.SetSysClockTo72   system_stm32f10x.o
    0x08000e94   0x08000e94   0x00000008   Code   RO          335    i.SysTick_Handler   stm32f10x_it.o
    0x08000e9c   0x08000e9c   0x00000054   Code   RO         4266    i.SystemInit        system_stm32f10x.o
    0x08000ef0   0x08000ef0   0x0000002c   Code   RO          336    i.UART5_IRQHandler  stm32f10x_it.o
    0x08000f1c   0x08000f1c   0x00000154   Code   RO          164    i.UARTs_Init        hw_config.o
    0x08001070   0x08001070   0x00000012   Code   RO         3146    i.USART_ClearFlag   stm32f10x_usart.o
    0x08001082   0x08001082   0x0000001e   Code   RO         3147    i.USART_ClearITPendingBit  stm32f10x_usart.o
    0x080010a0   0x080010a0   0x00000018   Code   RO         3150    i.USART_Cmd         stm32f10x_usart.o
    0x080010b8   0x080010b8   0x0000001a   Code   RO         3153    i.USART_GetFlagStatus  stm32f10x_usart.o
    0x080010d2   0x080010d2   0x00000054   Code   RO         3154    i.USART_GetITStatus  stm32f10x_usart.o
    0x08001126   0x08001126   0x0000004a   Code   RO         3156    i.USART_ITConfig    stm32f10x_usart.o
    0x08001170   0x08001170   0x000000a0   Code   RO         3157    i.USART_Init        stm32f10x_usart.o
    0x08001210   0x08001210   0x0000000a   Code   RO         3162    i.USART_ReceiveData  stm32f10x_usart.o
    0x0800121a   0x0800121a   0x00000008   Code   RO         3165    i.USART_SendData    stm32f10x_usart.o
    0x08001222   0x08001222   0x00000002   PAD
    0x08001224   0x08001224   0x000000ac   Code   RO          439    i.Uart_send_command  uart_command.o
    0x080012d0   0x080012d0   0x00000188   Code   RO          440    i.Uart_update       uart_command.o
    0x08001458   0x08001458   0x00000004   Code   RO          337    i.UsageFault_Handler  stm32f10x_it.o
    0x0800145c   0x0800145c   0x00000020   Code   RO         4356    i.__0printf$1       mc_w.l(printf1.o)
    0x0800147c   0x0800147c   0x0000000e   Code   RO         4620    i.__scatterload_copy  mc_w.l(handlers.o)
    0x0800148a   0x0800148a   0x00000002   Code   RO         4621    i.__scatterload_null  mc_w.l(handlers.o)
    0x0800148c   0x0800148c   0x0000000e   Code   RO         4622    i.__scatterload_zeroinit  mc_w.l(handlers.o)
    0x0800149a   0x0800149a   0x00000002   PAD
    0x0800149c   0x0800149c   0x00000154   Code   RO         4363    i._printf_core      mc_w.l(printf1.o)
    0x080015f0   0x080015f0   0x00000024   Code   RO          246    i.fputc             main.o
    0x08001614   0x08001614   0x000001b0   Code   RO          247    i.main              main.o
    0x080017c4   0x080017c4   0x00000098   Code   RO         3628    i.prvAddCurrentTaskToDelayedList  tasks.o
    0x0800185c   0x0800185c   0x000000b4   Code   RO         3629    i.prvAddNewTaskToReadyList  tasks.o
    0x08001910   0x08001910   0x00000048   Code   RO         3630    i.prvCheckTasksWaitingTermination  tasks.o
    0x08001958   0x08001958   0x0000002a   Code   RO         3429    i.prvCopyDataFromQueue  queue.o
    0x08001982   0x08001982   0x0000007e   Code   RO         3430    i.prvCopyDataToQueue  queue.o
    0x08001a00   0x08001a00   0x00000012   Code   RO         3631    i.prvDeleteTCB      tasks.o
    0x08001a12   0x08001a12   0x00000002   PAD
    0x08001a14   0x08001a14   0x00000028   Code   RO         3632    i.prvIdleTask       tasks.o
    0x08001a3c   0x08001a3c   0x00000026   Code   RO         3433    i.prvInitialiseNewQueue  queue.o
    0x08001a62   0x08001a62   0x00000090   Code   RO         3633    i.prvInitialiseNewTask  tasks.o
    0x08001af2   0x08001af2   0x00000002   PAD
    0x08001af4   0x08001af4   0x00000068   Code   RO         3634    i.prvInitialiseTaskLists  tasks.o
    0x08001b5c   0x08001b5c   0x0000001a   Code   RO         3434    i.prvIsQueueEmpty   queue.o
    0x08001b76   0x08001b76   0x0000001e   Code   RO         3435    i.prvIsQueueFull    queue.o
    0x08001b94   0x08001b94   0x00000034   Code   RO         3635    i.prvResetNextTaskUnblockTime  tasks.o
    0x08001bc8   0x08001bc8   0x00000016   Code   RO         3938    i.prvTaskExitError  port.o
    0x08001bde   0x08001bde   0x0000007e   Code   RO         3436    i.prvUnlockQueue    queue.o
    0x08001c5c   0x08001c5c   0x00000070   Code   RO         4224    i.pvPortMalloc      heap_1.o
    0x08001ccc   0x08001ccc   0x00000024   Code   RO         3939    i.pxPortInitialiseStack  port.o
    0x08001cf0   0x08001cf0   0x00000050   Code   RO            1    i.switchState       buttons.o
    0x08001d40   0x08001d40   0x00000028   Code   RO         3380    i.uxListRemove      list.o
    0x08001d68   0x08001d68   0x00000040   Code   RO          250    i.vApplicationStackOverflowHook  main.o
    0x08001da8   0x08001da8   0x0000001a   Code   RO         3381    i.vListInitialise   list.o
    0x08001dc2   0x08001dc2   0x00000006   Code   RO         3382    i.vListInitialiseItem  list.o
    0x08001dc8   0x08001dc8   0x00000034   Code   RO         3383    i.vListInsert       list.o
    0x08001dfc   0x08001dfc   0x00000018   Code   RO         3384    i.vListInsertEnd    list.o
    0x08001e14   0x08001e14   0x00000024   Code   RO         3941    i.vPortEnterCritical  port.o
    0x08001e38   0x08001e38   0x00000020   Code   RO         3942    i.vPortExitCritical  port.o
    0x08001e58   0x08001e58   0x00000002   Code   RO         4225    i.vPortFree         heap_1.o
    0x08001e5a   0x08001e5a   0x00000002   PAD
    0x08001e5c   0x08001e5c   0x00000018   Code   RO         3943    i.vPortSetupTimerInterrupt  port.o
    0x08001e74   0x08001e74   0x000002f8   Code   RO            2    i.vTaskButton1      buttons.o
    0x0800216c   0x0800216c   0x000000d4   Code   RO          467    i.vTaskControlMotor  valve.o
    0x08002240   0x08002240   0x00000034   Code   RO         3643    i.vTaskDelay        tasks.o
    0x08002274   0x08002274   0x00000018   Code   RO         3647    i.vTaskInternalSetTimeOutState  tasks.o
    0x0800228c   0x0800228c   0x00000100   Code   RO          252    i.vTaskLED          main.o
    0x0800238c   0x0800238c   0x0000001a   Code   RO          468    i.vTaskMeasure      valve.o
    0x080023a6   0x080023a6   0x00000002   PAD
    0x080023a8   0x080023a8   0x0000000c   Code   RO         3648    i.vTaskMissedYield  tasks.o
    0x080023b4   0x080023b4   0x00000020   Code   RO         3650    i.vTaskPlaceOnEventList  tasks.o
    0x080023d4   0x080023d4   0x00000064   Code   RO         3657    i.vTaskStartScheduler  tasks.o
    0x08002438   0x08002438   0x0000014c   Code   RO          469    i.vTaskStopSensorCheck  valve.o
    0x08002584   0x08002584   0x00000010   Code   RO         3659    i.vTaskSuspendAll   tasks.o
    0x08002594   0x08002594   0x00000080   Code   RO         3660    i.vTaskSwitchContext  tasks.o
    0x08002614   0x08002614   0x0000000e   Code   RO          524    i.vTaskZmPeriodic   zwave.o
    0x08002622   0x08002622   0x00000002   PAD
    0x08002624   0x08002624   0x000003f8   Code   RO          525    i.vTaskZmReceiver   zwave.o
    0x08002a1c   0x08002a1c   0x00000010   Code   RO         4227    i.xPortGetFreeHeapSize  heap_1.o
    0x08002a2c   0x08002a2c   0x00000034   Code   RO         3944    i.xPortStartScheduler  port.o
    0x08002a60   0x08002a60   0x00000034   Code   RO         3945    i.xPortSysTickHandler  port.o
    0x08002a94   0x08002a94   0x0000003a   Code   RO         3444    i.xQueueGenericCreate  queue.o
    0x08002ace   0x08002ace   0x00000002   PAD
    0x08002ad0   0x08002ad0   0x00000080   Code   RO         3445    i.xQueueGenericReset  queue.o
    0x08002b50   0x08002b50   0x00000118   Code   RO         3446    i.xQueueGenericSend  queue.o
    0x08002c68   0x08002c68   0x00000086   Code   RO         3447    i.xQueueGenericSendFromISR  queue.o
    0x08002cee   0x08002cee   0x00000002   PAD
    0x08002cf0   0x08002cf0   0x00000104   Code   RO         3454    i.xQueueReceive     queue.o
    0x08002df4   0x08002df4   0x0000005c   Code   RO         3661    i.xTaskCheckForTimeOut  tasks.o
    0x08002e50   0x08002e50   0x00000060   Code   RO         3662    i.xTaskCreate       tasks.o
    0x08002eb0   0x08002eb0   0x0000011c   Code   RO         3668    i.xTaskIncrementTick  tasks.o
    0x08002fcc   0x08002fcc   0x00000084   Code   RO         3671    i.xTaskPriorityDisinherit  tasks.o
    0x08003050   0x08003050   0x00000080   Code   RO         3673    i.xTaskRemoveFromEventList  tasks.o
    0x080030d0   0x080030d0   0x000000e8   Code   RO         3674    i.xTaskResumeAll    tasks.o
    0x080031b8   0x080031b8   0x00000010   Data   RO          255    .constdata          main.o
    0x080031c8   0x080031c8   0x00000028   Data   RO          471    .constdata          valve.o
    0x080031f0   0x080031f0   0x00000020   Data   RO         4618    Region$$Table       anon$$obj.o


    Execution Region RW_IRAM1 (Exec base: 0x20000000, Load base: 0x08003210, Size: 0x00004a40, Max: 0x0000c000, ABSOLUTE)

    Exec Addr    Load Addr    Size         Type   Attr      Idx    E Section Name        Object

    0x20000000   0x08003210   0x0000000c   Data   RW          338    .data               stm32f10x_it.o
    0x2000000c   0x0800321c   0x00000007   Data   RW          442    .data               uart_command.o
    0x20000013   0x08003223   0x00000001   PAD
    0x20000014   0x08003224   0x00000038   Data   RW          472    .data               valve.o
    0x2000004c   0x0800325c   0x00000001   Data   RW          526    .data               zwave.o
    0x2000004d   0x0800325d   0x00000014   Data   RW         2007    .data               stm32f10x_rcc.o
    0x20000061   0x08003271   0x00000003   PAD
    0x20000064   0x08003274   0x0000003c   Data   RW         3677    .data               tasks.o
    0x200000a0   0x080032b0   0x00000004   Data   RW         3946    .data               port.o
    0x200000a4   0x080032b4   0x00000008   Data   RW         4229    .data               heap_1.o
    0x200000ac   0x080032bc   0x00000004   Data   RW         4590    .data               mc_w.l(stdout.o)
    0x200000b0        -       0x00000010   Zero   RW          254    .bss                main.o
    0x200000c0        -       0x000000b4   Zero   RW          441    .bss                uart_command.o
    0x20000174        -       0x000000c8   Zero   RW         3676    .bss                tasks.o
    0x2000023c        -       0x00004400   Zero   RW         4228    .bss                heap_1.o
    0x2000463c   0x080032c0   0x00000004   PAD
    0x20004640        -       0x00000400   Zero   RW         4257    STACK               startup_stm32f10x_hd.o


==============================================================================

Image component sizes


      Code (inc. data)   RO Data    RW Data    ZI Data      Debug   Object Name

       840         52          0          0          0     258829   buttons.o
       152         14          0          0          0        598   eeprom.o
       130         18          0          8      17408       2698   heap_1.o
       664         40          0          0          0       4589   hw_config.o
       148          0          0          0          0       4810   list.o
       788        248         16          0         16       6505   main.o
       132         22          0          0          0       1719   misc.o
       404         48          0          4          0       9728   port.o
      1248         14          0          0          0      21442   queue.o
        48         12        304          0       1024        924   startup_stm32f10x_hd.o
        52         12          0          0          0       1224   stm32f10x_exti.o
       396          4          0          0          0       5959   stm32f10x_gpio.o
       316         20          0          0          0       3766   stm32f10x_i2c.o
       572         62          0         12          0      12168   stm32f10x_it.o
       316         46          0         20          0       5335   stm32f10x_rcc.o
       434          4          0          0          0       7845   stm32f10x_usart.o
       320         22          0          0          0       2073   system_stm32f10x.o
      2090        324          0         60        200      26187   tasks.o
       564         54          0          7        180       2535   uart_command.o
      1182        190         40         56          0       6174   valve.o
      1030        304          0          1          0       2864   zwave.o

    ----------------------------------------------------------------------
     11848       1510        392        172      18832     387972   Object Totals
         0          0         32          0          0          0   (incl. Generated)
        22          0          0          4          4          0   (incl. Padding)

    ----------------------------------------------------------------------

      Code (inc. data)   RO Data    RW Data    ZI Data      Debug   Library Member Name

         0          0          0          0          0          0   entry.o
         0          0          0          0          0          0   entry10a.o
         0          0          0          0          0          0   entry11a.o
         8          4          0          0          0          0   entry2.o
         4          0          0          0          0          0   entry5.o
         0          0          0          0          0          0   entry7b.o
         0          0          0          0          0          0   entry8b.o
         8          4          0          0          0          0   entry9a.o
        30          0          0          0          0          0   handlers.o
        36          8          0          0          0         68   init.o
        36          0          0          0          0         68   memcpya.o
        36          0          0          0          0        108   memseta.o
       372         14          0          0          0        184   printf1.o
         0          0          0          4          0          0   stdout.o
        44          0          0          0          0         80   uidiv.o

    ----------------------------------------------------------------------
       576         30          0          4          0        508   Library Totals
         2          0          0          0          0          0   (incl. Padding)

    ----------------------------------------------------------------------

      Code (inc. data)   RO Data    RW Data    ZI Data      Debug   Library Name

       574         30          0          4          0        508   mc_w.l

    ----------------------------------------------------------------------
       576         30          0          4          0        508   Library Totals

    ----------------------------------------------------------------------

==============================================================================


      Code (inc. data)   RO Data    RW Data    ZI Data      Debug   

     12424       1540        392        176      18832     382600   Grand Totals
     12424       1540        392        176      18832     382600   ELF Image Totals
     12424       1540        392        176          0          0   ROM Totals

==============================================================================

    Total RO  Size (Code + RO Data)                12816 (  12.52kB)
    Total RW  Size (RW Data + ZI Data)             19008 (  18.56kB)
    Total ROM Size (Code + RO Data + RW Data)      12992 (  12.69kB)

==============================================================================

