'MOUNTING HOLE_MH_3MM_1_HOLE 4MM' 'mountinghole_mh_3mm_1_hole4mm.txt';
'CAP 0603_C0603_100NF' 'cap0603_c0603_100nf.txt';
'SW PUSHBUTTON-SPST-2_TACT_SWITC' 'swpushbutton-spst-2_tact_switc.txt';
'RESISTOR 0603_R0603_10K' 'resistor0603_r0603_10k.txt';
'HEADER 3_HEADER3PITCH100MIL_RAK' 'header3_header3pitch100mil_rak.txt';
'SW PUSHBUTTON-SPST-2_0_B3U-1000' 'swpushbutton-spst-2_0_b3u-1000.txt';
'HEADER 3_HEADER3PITCH100MIL_R_1' 'header3_header3pitch100mil_r_1.txt';
'HEADER 2_DOMINO2_5_RS485_SLAVE' 'header2_domino2_5_rs485_slave.txt';
'INDUCTOR_IND_6X6MM_8.8UH/1.7A' 'inductor_ind_6x6mm_88uh17a.txt';
'HEADER 3_HEADER3PITCH100MIL_MCU' 'header3_header3pitch100mil_mcu.txt';
'RESISTOR 0603_R0603_4K7' 'resistor0603_r0603_4k7.txt';
'CAP_CAP_AL_D_100UF/35V' 'cap_cap_al_d_100uf35v.txt';
'RT9193-33GB_1_SOT-223_LM1117 5V' 'rt9193-33gb_1_sot-223_lm11175v.txt';
'HEADER 2_HEADER2-PITCH3P96-B2P_' 'header2_header2-pitch3p96-b2p_.txt';
'HEADER 3_DOMINO3_5_ANALOG_IN1' 'header3_domino3_5_analog_in1.txt';
'HEADER 3_DOMINO3_5_ANALOG_IN2' 'header3_domino3_5_analog_in2.txt';
'RES-SM0402_0_R0603_DISCRETE_49.' 'res-sm0402_0_r0603_discrete_49.txt';
'RESISTOR 0603_R0603_100R' 'resistor0603_r0603_100r.txt';
'HEADER 2_DOMINO2_5_PULSE_IN' 'header2_domino2_5_pulse_in.txt';
'RESISTOR 0603_R0603_1K' 'resistor0603_r0603_1k.txt';
'CAP_CAP_AL_D_220U/16V' 'cap_cap_al_d_220u16v.txt';
'HEADER 3_DOMINO3_5_ONEWIRE' 'header3_domino3_5_onewire.txt';
'CAP NP_CAP_1210_22U/6.3V' 'capnp_cap_1210_22u63v.txt';
'CAP NP_C0603_DISCRETE_100NF_C06' 'capnp_c0603_discrete_100nf_c06.txt';
'CONN JACK PWR_CONN_JACK_DC_12VD' 'connjackpwr_conn_jack_dc_12vd.txt';
'CAP NP_C0603_DISCRETE_10NF' 'capnp_c0603_discrete_10nf.txt';
'RESISTOR_0_R0603_4.7K_RC0603JR-' 'resistor_0_r0603_47k_rc0603jr-.txt';
'HEADER 5_HEADER_5_JTAG/STSW' 'header5_header_5_jtagstsw.txt';
'CAP NP_0_C0603_18PF_CL10C180JB8' 'capnp_0_c0603_18pf_cl10c180jb8.txt';
'CAP NP_0_C0603_0.1UF_C0603C104K' 'capnp_0_c0603_01uf_c0603c104k.txt';
'CAP NP_C0805_DISCRETE_0.1UF' 'capnp_c0805_discrete_01uf.txt';
'CAP NP_0_C0603_0.1UF/6.3V_C0603' 'capnp_0_c0603_01uf63v_c0603.txt';
'CAP_USER_C0805_100NF/25V' 'cap_user_c0805_100nf25v.txt';
'HEADER 2_DOMINO2_5_SW_IN1' 'header2_domino2_5_sw_in1.txt';
'HEADER 2_DOMINO2_5_SW_IN2' 'header2_domino2_5_sw_in2.txt';
'CAP NP_C0805_DISCRETE_4.7UF' 'capnp_c0805_discrete_47uf.txt';
